PASS js/widgets/__tests__/aidebugger.test.js
  AIDebuggerWidget
    Constructor
      ✓ initializes basic properties (12 ms)
      ✓ _generateConversationId returns unique IDs (1 ms)
      ✓ _isProcessing starts as false (1 ms)
    Debugging Helper Methods
      _getNumericValue
        ✓ returns null for invalid blockId or blockMap (1 ms)
        ✓ returns value for number block (simple) (1 ms)
        ✓ returns value for number block (array format) (1 ms)
        ✓ returns null for non-number block
        ✓ returns null for number block with no value property
      _getTextValue
        ✓ returns value for text block
        ✓ returns null for non-text block
        ✓ returns null for null blockId
        ✓ returns null for text block with non-array type
      _getDrumName
        ✓ returns value for drumname block
        ✓ returns null for non-drumname block (1 ms)
        ✓ returns null for null blockId
      _getNamedBoxValue
        ✓ returns value for namedbox block (1 ms)
        ✓ returns value for namedarg block
        ✓ returns null for non-namedbox block (1 ms)
        ✓ returns null for null blockId
      _isBase64Data
        ✓ flags valid base64 image prefixes correctly (1 ms)
        ✓ flags invalid base64 prefixes correctly (1 ms)
        ✓ handles empty string
        ✓ handles undefined (1 ms)
        ✓ recognizes various image formats
        ✓ recognizes audio formats
      _getBlockRepresentation
        ✓ formats basic action block (1 ms)
        ✓ formats forward block
        ✓ formats setmasterbpm2 block
        ✓ formats back block
        ✓ formats right block
        ✓ formats left block (1 ms)
        ✓ formats forever block
        ✓ formats penup block
        ✓ formats pendown block
        ✓ formats newnote block (1 ms)
        ✓ formats playdrum block
        ✓ formats setheading block (1 ms)
        ✓ formats text block
        ✓ formats nameddo block (1 ms)
        ✓ formats storein2 block
        ✓ formats namedbox block (1 ms)
        ✓ formats solfege block returns null (1 ms)
        ✓ formats settransposition block
        ✓ formats unknown block with value (1 ms)
        ✓ formats unknown block without value
        ✓ formats repeat block with numeric count (1 ms)
        ✓ formats divide block as duration in newnote context
        ✓ formats divide block standalone (1 ms)
        ✓ formats plus block (1 ms)
    _convertProjectToLLMFormat
      ✓ returns error for non-array input
      ✓ returns warning for empty array (1 ms)
      ✓ processes a simple project with a forward block (1 ms)
    _addMessageToUI
      ✓ adds user message with correct styling (50 ms)
      ✓ adds bot message with correct styling (3 ms)
      ✓ adds system message with correct styling (10 ms)
    _sendMessage
      ✓ does nothing with empty input (2 ms)
      ✓ does nothing when processing (1 ms)
      ✓ shows consent banner and does not send message if consent not given (1 ms)
      ✓ sends message and clears input (3 ms)
    _resetConversation
      ✓ resets chat history and prompt count (11 ms)
    _showTypingIndicator and _hideTypingIndicator
      ✓ shows and hides typing indicator (5 ms)
    _clearChat
      ✓ clears the chat log (1 ms)
    _exportChat
      ✓ shows message when no conversation to export


=============================== Coverage summary ===============================
Statements   : 0.45% ( 268/58269 )
Branches     : 0.65% ( 162/24703 )
Functions    : 0.36% ( 21/5737 )
Lines        : 0.46% ( 260/56232 )
================================================================================
------------------------------|---------|----------|---------|---------|-----------------------------------------------------------------------------------------------------------------------------------------------------------------------------------
File                          | % Stmts | % Branch | % Funcs | % Lines | Uncovered Line #s
------------------------------|---------|----------|---------|---------|-----------------------------------------------------------------------------------------------------------------------------------------------------------------------------------
All files                     |    0.45 |     0.65 |    0.36 |    0.46 |
 js                           |       0 |        0 |       0 |       0 |
  BlocksDependencies.js       |       0 |        0 |       0 |       0 | 60-124
  LogoDependencies.js         |       0 |        0 |       0 |       0 | 86-270
  SaveInterface.js            |       0 |        0 |       0 |       0 | 25-1066
  abc.js                      |       0 |        0 |       0 |       0 | 23-437
  activity-context.js         |       0 |        0 |       0 |       0 | 12-63
  activity.js                 |       0 |        0 |       0 |       0 | 17-8824
  artwork.js                  |       0 |        0 |       0 |       0 | 63-807
  background.js               |       0 |        0 |       0 |       0 | 16-34
  base64Utils.js              |       0 |        0 |       0 |       0 | 33-65
  basicblocks.js              |       0 |        0 |       0 |       0 | 40-121
  block.js                    |       0 |        0 |       0 |       0 | 81-4950
  blockfactory.js             |       0 |        0 |       0 |       0 | 22-1966
  blocks.js                   |       0 |        0 |       0 |       0 | 59-7539
  boundary.js                 |       0 |        0 |       0 |       0 | 28-125
  gif-animator.js             |       0 |        0 |       0 |       0 | 30-274
  languagebox.js              |       0 |        0 |       0 |       0 | 25-357
  lilypond.js                 |       0 |        0 |       0 |       0 | 41-980
  loader.js                   |       0 |        0 |       0 |       0 | 15-492
  logo.js                     |       0 |        0 |       0 |       0 | 53-3080
  logoconstants.js            |       0 |        0 |       0 |       0 | 14-98
  macros.js                   |       0 |        0 |       0 |       0 | 50-1761
  midi.js                     |       0 |        0 |       0 |       0 | 16-452
  mxml.js                     |       0 |        0 |       0 |       0 | 15-263
  notation.js                 |       0 |        0 |       0 |       0 | 48-504
  p5-adapter.js               |       0 |        0 |       0 |       0 | 2-27
  p5-sound-adapter.js         |       0 |        0 |       0 |       0 | 2-55
  palette.js                  |       0 |        0 |       0 |       0 | 12-2169
  pastebox.js                 |       0 |        0 |       0 |       0 | 13-158
  piemenus.js                 |       0 |        0 |       0 |       0 | 69-4538
  planetInterface.js          |       0 |        0 |       0 |       0 | 30-467
  protoblocks.js              |       0 |        0 |       0 |       0 | 40-2106
  rubrics.js                  |       0 |        0 |       0 |       0 | 41-893
  svgAssetSelector.js         |       0 |        0 |       0 |       0 | 28-261
  themebox.js                 |       0 |        0 |       0 |       0 | 24-585
  toolbar.js                  |       0 |        0 |       0 |       0 | 19-2736
  trash.js                    |       0 |        0 |       0 |       0 | 22-274
  turtle-painter.js           |       0 |        0 |       0 |       0 | 38-1649
  turtle-singer.js            |       0 |        0 |       0 |       0 | 46-2645
  turtle.js                   |       0 |        0 |       0 |       0 | 55-1066
  turtledefs.js               |       0 |        0 |       0 |       0 | 38-806
  turtles.js                  |       0 |        0 |       0 |       0 | 31-1338
 js/activity                  |       0 |        0 |       0 |       0 |
  exporters.js                |       0 |        0 |       0 |       0 | 15-227
  recorder.js                 |       0 |        0 |       0 |       0 | 16-373
 js/blocks                    |       0 |        0 |       0 |       0 |
  ActionBlocks.js             |       0 |        0 |       0 |       0 | 38-1554
  BooleanBlocks.js            |       0 |        0 |       0 |       0 | 30-1047
  BoxesBlocks.js              |       0 |        0 |       0 |       0 | 32-861
  DictBlocks.js               |       0 |        0 |       0 |       0 | 30-460
  DrumBlocks.js               |       0 |        0 |       0 |       0 | 32-611
  EnsembleBlocks.js           |       0 |        0 |       0 |       0 | 30-1364
  ExtrasBlocks.js             |       0 |        0 |       0 |       0 | 33-917
  FlowBlocks.js               |       0 |        0 |       0 |       0 | 32-1260
  GraphicsBlocks.js           |       0 |        0 |       0 |       0 | 46-1275
  HeapBlocks.js               |       0 |        0 |       0 |       0 | 31-737
  IntervalsBlocks.js          |       0 |        0 |       0 |       0 | 45-1619
  MediaBlocks.js              |       0 |        0 |       0 |       0 | 35-1088
  MeterBlocks.js              |       0 |        0 |       0 |       0 | 34-1480
  NumberBlocks.js             |       0 |        0 |       0 |       0 | 26-958
  OrnamentBlocks.js           |       0 |        0 |       0 |       0 | 32-742
  PenBlocks.js                |       0 |        0 |       0 |       0 | 30-1253
  PitchBlocks.js              |       0 |        0 |       0 |       0 | 31-2172
  ProgramBlocks.js            |       0 |        0 |       0 |       0 | 30-1554
  RhythmBlockPaletteBlocks.js |       0 |        0 |       0 |       0 | 22-1033
  RhythmBlocks.js             |       0 |        0 |       0 |       0 | 33-1258
  SensorsBlocks.js            |       0 |        0 |       0 |       0 | 32-1043
  ToneBlocks.js               |       0 |        0 |       0 |       0 | 34-1183
  VolumeBlocks.js             |       0 |        0 |       0 |       0 | 35-955
  WidgetBlocks.js             |       0 |        0 |       0 |       0 | 81-2192
 js/js-export                 |       0 |        0 |       0 |       0 |
  ASTutils.js                 |       0 |        0 |       0 |       0 | 33-947
  ast2blocklist.js            |       0 |        0 |       0 |       0 | 33-731
  constraints.js              |       0 |        0 |       0 |       0 | 25-1221
  export.js                   |       0 |        0 |       0 |       0 | 27-584
  generate.js                 |       0 |        0 |       0 |       0 | 35-386
  interface.js                |       0 |        0 |       0 |       0 | 33-1849
  minify.js                   |       0 |      100 |     100 |       0 | 1-7
 js/js-export/API             |       0 |        0 |       0 |       0 |
  DictBlocksAPI.js            |       0 |        0 |       0 |       0 | 31-58
  DrumBlocksAPI.js            |       0 |        0 |       0 |       0 | 31-58
  GraphicsBlocksAPI.js        |       0 |        0 |       0 |       0 | 31-104
  IntervalsBlocksAPI.js       |       0 |        0 |       0 |       0 | 31-65
  MeterBlocksAPI.js           |       0 |        0 |       0 |       0 | 31-81
  OrnamentBlocksAPI.js        |       0 |        0 |       0 |       0 | 31-55
  PenBlocksAPI.js             |       0 |        0 |       0 |       0 | 31-116
  PitchBlocksAPI.js           |       0 |        0 |       0 |       0 | 37-186
  RhythmBlocksAPI.js          |       0 |        0 |       0 |       0 | 37-120
  ToneBlocksAPI.js            |       0 |        0 |       0 |       0 | 37-136
  VolumeBlocksAPI.js          |       0 |        0 |       0 |       0 | 31-65
 js/js-export/samples         |       0 |      100 |     100 |       0 |
  sample.js                   |       0 |      100 |     100 |       0 | 19-299
 js/turtleactions             |       0 |        0 |       0 |       0 |
  DictActions.js              |       0 |        0 |       0 |       0 | 52-269
  DrumActions.js              |       0 |        0 |       0 |       0 | 52-234
  IntervalsActions.js         |       0 |        0 |       0 |       0 | 50-510
  MeterActions.js             |       0 |        0 |       0 |       0 | 54-381
  OrnamentActions.js          |       0 |        0 |       0 |       0 | 36-141
  PitchActions.js             |       0 |        0 |       0 |       0 | 58-751
  RhythmActions.js            |       0 |        0 |       0 |       0 | 40-476
  ToneActions.js              |       0 |        0 |       0 |       0 | 47-493
  VolumeActions.js            |       0 |        0 |       0 |       0 | 49-315
 js/utils                     |       0 |        0 |       0 |       0 |
  ManagedTimer.js             |       0 |        0 |       0 |       0 | 56-312
  abcLoader.js                |       0 |        0 |       0 |       0 | 25-60
  debugLog.js                 |       0 |        0 |       0 |       0 | 43-79
  error-handler.js            |       0 |        0 |       0 |       0 | 35-113
  jquery-setup.js             |       0 |        0 |       0 |       0 | 23-65
  mathutils.js                |       0 |        0 |       0 |       0 | 59-333
  mb-dialog.js                |       0 |        0 |       0 |       0 | 34-349
  munsell.js                  |       0 |        0 |       0 |       0 | 23-6854
  musicutils.js               |       0 |        0 |       0 |       0 | 18-6840
  performanceTracker.js       |       0 |        0 |       0 |       0 | 38-345
  platformstyle.js            |       0 |        0 |       0 |       0 | 23-559
  retryWithBackoff.js         |       0 |        0 |       0 |       0 | 79-115
  synthutils.js               |       0 |        0 |       0 |       0 | 57-3779
  utils-logic.js              |       0 |        0 |       0 |       0 | 31-617
  utils.js                    |       0 |        0 |       0 |       0 | 33-1490
  zoomOverlay.js              |       0 |        0 |       0 |       0 | 9-62
 js/utils/__tests__           |       0 |      100 |       0 |       0 |
  tonemock.js                 |       0 |      100 |       0 |       0 | 22-213
 js/widgets                   |    1.51 |     2.97 |    1.61 |    1.53 |
  PhraseMakerAudio.js         |       0 |        0 |       0 |       0 | 19-607
  PhraseMakerGrid.js          |       0 |        0 |       0 |       0 | 17-268
  PhraseMakerUI.js            |       0 |        0 |       0 |       0 | 19-193
  PhraseMakerUtils.js         |       0 |        0 |       0 |       0 | 17-99
  aidebugger.js               |   45.04 |    49.09 |   39.62 |   44.36 | 43-53,139-175,183-189,199-281,289-296,381-469,493-494,533-607,616-652,662-738,768-811,844-846,900,907-924,941,978-980,1044-1054,1099-1109,1154-1166,1178-1203,1218-1234,1349-1356
  aiwidget.js                 |       0 |        0 |       0 |       0 | 26-1319
  arpeggio.js                 |       0 |        0 |       0 |       0 | 33-818
  help.js                     |       0 |        0 |       0 |       0 | 13-960
  jseditor.js                 |       0 |        0 |       0 |       0 | 34-1291
  legobricks.js               |       0 |        0 |       0 |       0 | 16-3110
  meterwidget.js              |       0 |        0 |       0 |       0 | 61-641
  modewidget.js               |       0 |        0 |       0 |       0 | 56-1203
  musickeyboard.js            |       0 |        0 |       0 |       0 | 49-3603
  oscilloscope.js             |       0 |        0 |       0 |       0 | 41-332
  phrasemaker.js              |       0 |        0 |       0 |       0 | 57-4940
  pitchdrummatrix.js          |       0 |        0 |       0 |       0 | 51-1060
  pitchslider.js              |       0 |        0 |       0 |       0 | 26-228
  pitchstaircase.js           |       0 |        0 |       0 |       0 | 34-708
  reflection.js               |       0 |        0 |       0 |       0 | 22-838
  rhythmruler.js              |       0 |        0 |       0 |       0 | 71-3440
  sampler.js                  |       0 |        0 |       0 |       0 | 27-2422
  statistics.js               |       0 |        0 |       0 |       0 | 27-156
  status.js                   |       0 |        0 |       0 |       0 | 19-386
  temperament.js              |       0 |        0 |       0 |       0 | 38-2738
  tempo.js                    |       0 |        0 |       0 |       0 | 34-494
  timbre.js                   |       0 |        0 |       0 |       0 | 42-2810
  tuner.js                    |       0 |        0 |       0 |       0 | 6-215
  widgetWindows.js            |       0 |        0 |       0 |       0 | 20-839
 planet/js                    |       0 |        0 |       0 |       0 |
  CacheManager.js             |       0 |        0 |       0 |       0 | 20-497
  Converter.js                |       0 |        0 |       0 |       0 | 20-69
  GlobalCard.js               |       0 |        0 |       0 |       0 | 25-302
  GlobalPlanet.js             |       0 |        0 |       0 |       0 | 25-619
  GlobalTag.js                |       0 |        0 |       0 |       0 | 55-127
  LocalCard.js                |       0 |        0 |       0 |       0 | 25-203
  LocalPlanet.js              |       0 |        0 |       0 |       0 | 25-140
  Planet.js                   |       0 |        0 |       0 |       0 | 26-262
  ProjectStorage.js           |       0 |        0 |       0 |       0 | 25-328
  ProjectViewer.js            |       0 |        0 |       0 |       0 | 25-217
  Publisher.js                |       0 |        0 |       0 |       0 | 25-422
  RequestManager.js           |       0 |        0 |       0 |       0 | 30-327
  SaveInterface.js            |       0 |        0 |       0 |       0 | 25-122
  ServerInterface.js          |       0 |        0 |       0 |       0 | 26-299
  StringHelper.js             |       0 |        0 |       0 |       0 | 28-209
  helper.js                   |       0 |        0 |       0 |       0 | 32-157
  main.js                     |       0 |        0 |       0 |       0 | 26-74
  utils.js                    |       0 |        0 |       0 |       0 |
------------------------------|---------|----------|---------|---------|-----------------------------------------------------------------------------------------------------------------------------------------------------------------------------------
Jest: "global" coverage threshold for statements (34%) not met: 0.45%
Jest: "global" coverage threshold for branches (29%) not met: 0.65%
Jest: "global" coverage threshold for lines (34%) not met: 0.46%
Jest: "global" coverage threshold for functions (41%) not met: 0.36%
Test Suites: 1 passed, 1 total
Tests:       63 passed, 63 total
Snapshots:   0 total
Time:        12.284 s
Ran all test suites matching /js\/widgets\/__tests__\/aidebugger.test.js/i.
