
> musicblocks@3.4.1 test
> jest

PASS js/__tests__/palette.test.js
PASS js/js-export/__tests__/ast2blocklist.test.js
  ● Console

    console.log
      [
        {
          "name": "start"
        }
      ]

      at log (js/js-export/ast2blocklist.js:76:21)

    console.log
      newnote

      at log (js/js-export/ast2blocklist.js:154:41)

    console.log
      [
        {
          "name": "start",
          "children": [
            {
              "name": "settimbre",
              "arguments": [
                "guitar"
              ],
              "children": [
                {
                  "name": "decrementOne",
                  "arguments": [
                    {
                      "identifier": "box1"
                    }
                  ]
                },
                {
                  "name": "newnote",
                  "arguments": [
                    {
                      "name": "divide",
                      "arguments": [
                        1,
                        4
                      ]
                    }
                  ],
                  "children": [
                    {
                      "name": "pitch",
                      "arguments": [
                        "G♭",
                        {
                          "identifier": "box1"
                        }
                      ]
                    }
                  ]
                }
              ]
            }
          ]
        }
      ]

      at log (js/js-export/ast2blocklist.js:76:21)

    console.log
      newnote

      at log (js/js-export/ast2blocklist.js:154:41)

    console.log
      newnote

      at log (js/js-export/ast2blocklist.js:154:41)

    console.log
      newnote

      at log (js/js-export/ast2blocklist.js:154:41)

    console.log
      newnote

      at log (js/js-export/ast2blocklist.js:154:41)

    console.log
      newnote

      at log (js/js-export/ast2blocklist.js:154:41)

    console.log
      [
        {
          "name": "start",
          "children": [
            {
              "name": "settimbre",
              "arguments": [
                "guitar"
              ],
              "children": [
                {
                  "name": "newnote",
                  "arguments": [
                    {
                      "name": "multiply",
                      "arguments": [
                        {
                          "name": "abs",
                          "arguments": [
                            {
                              "name": "neg",
                              "arguments": [
                                2
                              ]
                            }
                          ]
                        },
                        1
                      ]
                    }
                  ],
                  "children": [
                    {
                      "name": "pitch",
                      "arguments": [
                        "G♭",
                        {
                          "name": "abs",
                          "arguments": [
                            {
                              "name": "neg",
                              "arguments": [
                                2
                              ]
                            }
                          ]
                        }
                      ]
                    }
                  ]
                }
              ]
            }
          ]
        }
      ]

      at log (js/js-export/ast2blocklist.js:76:21)

    console.log
      newnote

      at log (js/js-export/ast2blocklist.js:154:41)

    console.log
      [
        {
          "name": "start",
          "children": [
            {
              "name": "settimbre",
              "arguments": [
                "clarinet"
              ],
              "children": [
                {
                  "name": "repeat",
                  "arguments": [
                    {
                      "name": "random",
                      "arguments": [
                        1,
                        5
                      ]
                    }
                  ],
                  "children": [
                    {
                      "name": "newnote",
                      "arguments": [
                        {
                          "name": "divide",
                          "arguments": [
                            1,
                            4
                          ]
                        }
                      ],
                      "children": [
                        {
                          "name": "pitch",
                          "arguments": [
                            "fa",
                            {
                              "name": "multiply",
                              "arguments": [
                                2,
                                2
                              ]
                            }
                          ]
                        }
                      ]
                    }
                  ]
                }
              ]
            }
          ]
        }
      ]

      at log (js/js-export/ast2blocklist.js:76:21)

    console.log
      newnote

      at log (js/js-export/ast2blocklist.js:154:41)

    console.log
      [
        {
          "name": "start",
          "children": [
            {
              "name": "if",
              "arguments": [
                {
                  "name": "not",
                  "arguments": [
                    {
                      "name": "equal",
                      "arguments": [
                        1,
                        {
                          "name": "random",
                          "arguments": [
                            0,
                            1
                          ]
                        }
                      ]
                    }
                  ]
                }
              ],
              "children": [
                {
                  "name": "settimbre",
                  "arguments": [
                    "electronic synth"
                  ],
                  "children": [
                    {
                      "name": "newnote",
                      "arguments": [
                        {
                          "name": "divide",
                          "arguments": [
                            1,
                            4
                          ]
                        }
                      ],
                      "children": [
                        {
                          "name": "pitch",
                          "arguments": [
                            "sol",
                            4
                          ]
                        }
                      ]
                    }
                  ]
                }
              ]
            }
          ]
        }
      ]

      at log (js/js-export/ast2blocklist.js:76:21)

    console.log
      newnote

      at log (js/js-export/ast2blocklist.js:154:41)

    console.log
      [
        {
          "name": "action",
          "arguments": [
            {
              "identifier": "playSol"
            }
          ],
          "children": [
            {
              "name": "newnote",
              "arguments": [
                {
                  "name": "divide",
                  "arguments": [
                    1,
                    4
                  ]
                }
              ],
              "children": [
                {
                  "name": "pitch",
                  "arguments": [
                    "sol",
                    2
                  ]
                }
              ]
            },
            {
              "name": "decrementOne",
              "arguments": [
                {
                  "identifier": "box1"
                }
              ]
            },
            {
              "name": "increment",
              "arguments": [
                {
                  "identifier": "box1"
                },
                1
              ]
            },
            {
              "name": "if",
              "arguments": [
                {
                  "name": "greater",
                  "arguments": [
                    {
                      "identifier": "box1"
                    },
                    0
                  ]
                }
              ],
              "children": [
                {
                  "name": {
                    "nameddo": "playSol"
                  }
                }
              ]
            }
          ]
        },
        {
          "name": "start",
          "children": [
            {
              "name": {
                "storein2": "box1"
              },
              "arguments": [
                {
                  "name": "multiply",
                  "arguments": [
                    {
                      "name": "abs",
                      "arguments": [
                        {
                          "name": "neg",
                          "arguments": [
                            2
                          ]
                        }
                      ]
                    },
                    3
                  ]
                }
              ]
            },
            {
              "name": "settimbre",
              "arguments": [
                "electronic synth"
              ],
              "children": [
                {
                  "name": {
                    "nameddo": "playSol"
                  }
                }
              ]
            }
          ]
        }
      ]

      at log (js/js-export/ast2blocklist.js:76:21)

    console.log
      newnote

      at log (js/js-export/ast2blocklist.js:154:41)

    console.log
      newnote

      at log (js/js-export/ast2blocklist.js:154:41)

    console.log
      newnote

      at log (js/js-export/ast2blocklist.js:154:41)

    console.log
      newnote

      at log (js/js-export/ast2blocklist.js:154:41)

    console.log
      newnote

      at log (js/js-export/ast2blocklist.js:154:41)

    console.log
      newnote

      at log (js/js-export/ast2blocklist.js:154:41)

    console.log
      newnote

      at log (js/js-export/ast2blocklist.js:154:41)

    console.log
      newnote

      at log (js/js-export/ast2blocklist.js:154:41)

    console.log
      newnote

      at log (js/js-export/ast2blocklist.js:154:41)

    console.log
      newnote

      at log (js/js-export/ast2blocklist.js:154:41)

    console.log
      newnote

      at log (js/js-export/ast2blocklist.js:154:41)

    console.log
      newnote

      at log (js/js-export/ast2blocklist.js:154:41)

    console.log
      newnote

      at log (js/js-export/ast2blocklist.js:154:41)

    console.log
      newnote

      at log (js/js-export/ast2blocklist.js:154:41)

    console.log
      newnote

      at log (js/js-export/ast2blocklist.js:154:41)

    console.log
      newnote

      at log (js/js-export/ast2blocklist.js:154:41)

    console.log
      [
        {
          "name": "action",
          "arguments": [
            {
              "identifier": "chunk0"
            }
          ],
          "children": [
            {
              "name": "newnote",
              "arguments": [
                {
                  "name": "divide",
                  "arguments": [
                    1,
                    4
                  ]
                }
              ],
              "children": [
                {
                  "name": "pitch",
                  "arguments": [
                    "sol",
                    4
                  ]
                }
              ]
            },
            {
              "name": "newnote",
              "arguments": [
                {
                  "name": "divide",
                  "arguments": [
                    1,
                    4
                  ]
                }
              ],
              "children": [
                {
                  "name": "pitch",
                  "arguments": [
                    "la",
                    4
                  ]
                }
              ]
            },
            {
              "name": "newnote",
              "arguments": [
                {
                  "name": "divide",
                  "arguments": [
                    1,
                    4
                  ]
                }
              ],
              "children": [
                {
                  "name": "pitch",
                  "arguments": [
                    "ti",
                    4
                  ]
                }
              ]
            },
            {
              "name": "newnote",
              "arguments": [
                {
                  "name": "divide",
                  "arguments": [
                    1,
                    4
                  ]
                }
              ],
              "children": [
                {
                  "name": "pitch",
                  "arguments": [
                    "sol",
                    4
                  ]
                }
              ]
            }
          ]
        },
        {
          "name": "action",
          "arguments": [
            {
              "identifier": "chunk1"
            }
          ],
          "children": [
            {
              "name": "newnote",
              "arguments": [
                {
                  "name": "divide",
                  "arguments": [
                    1,
                    4
                  ]
                }
              ],
              "children": [
                {
                  "name": "pitch",
                  "arguments": [
                    "ti",
                    4
                  ]
                }
              ]
            },
            {
              "name": "newnote",
              "arguments": [
                {
                  "name": "divide",
                  "arguments": [
                    1,
                    4
                  ]
                }
              ],
              "children": [
                {
                  "name": "pitch",
                  "arguments": [
                    "do",
                    4
                  ]
                }
              ]
            },
            {
              "name": "newnote",
              "arguments": [
                {
                  "name": "divide",
                  "arguments": [
                    1,
                    2
                  ]
                }
              ],
              "children": [
                {
                  "name": "pitch",
                  "arguments": [
                    "re",
                    5
                  ]
                }
              ]
            }
          ]
        },
        {
          "name": "action",
          "arguments": [
            {
              "identifier": "chunk2"
            }
          ],
          "children": [
            {
              "name": "newnote",
              "arguments": [
                {
                  "name": "divide",
                  "arguments": [
                    1,
                    8
                  ]
                }
              ],
              "children": [
                {
                  "name": "pitch",
                  "arguments": [
                    "re",
                    5
                  ]
                }
              ]
            },
            {
              "name": "newnote",
              "arguments": [
                {
                  "name": "divide",
                  "arguments": [
                    1,
                    8
                  ]
                }
              ],
              "children": [
                {
                  "name": "pitch",
                  "arguments": [
                    "mi",
                    5
                  ]
                }
              ]
            },
            {
              "name": "newnote",
              "arguments": [
                {
                  "name": "divide",
                  "arguments": [
                    1,
                    8
                  ]
                }
              ],
              "children": [
                {
                  "name": "pitch",
                  "arguments": [
                    "re",
                    5
                  ]
                }
              ]
            },
            {
              "name": "newnote",
              "arguments": [
                {
                  "name": "divide",
                  "arguments": [
                    1,
                    8
                  ]
                }
              ],
              "children": [
                {
                  "name": "pitch",
                  "arguments": [
                    "do",
                    5
                  ]
                }
              ]
            },
            {
              "name": "newnote",
              "arguments": [
                {
                  "name": "divide",
                  "arguments": [
                    1,
                    4
                  ]
                }
              ],
              "children": [
                {
                  "name": "pitch",
                  "arguments": [
                    "ti",
                    5
                  ]
                }
              ]
            },
            {
              "name": "newnote",
              "arguments": [
                {
                  "name": "divide",
                  "arguments": [
                    1,
                    4
                  ]
                }
              ],
              "children": [
                {
                  "name": "pitch",
                  "arguments": [
                    "sol",
                    4
                  ]
                }
              ]
            }
          ]
        },
        {
          "name": "action",
          "arguments": [
            {
              "identifier": "chunk3"
            }
          ],
          "children": [
            {
              "name": "newnote",
              "arguments": [
                {
                  "name": "divide",
                  "arguments": [
                    1,
                    4
                  ]
                }
              ],
              "children": [
                {
                  "name": "pitch",
                  "arguments": [
                    "sol",
                    4
                  ]
                }
              ]
            },
            {
              "name": "newnote",
              "arguments": [
                {
                  "name": "divide",
                  "arguments": [
                    1,
                    4
                  ]
                }
              ],
              "children": [
                {
                  "name": "pitch",
                  "arguments": [
                    "re",
                    4
                  ]
                }
              ]
            },
            {
              "name": "newnote",
              "arguments": [
                {
                  "name": "divide",
                  "arguments": [
                    1,
                    4
                  ]
                }
              ],
              "children": [
                {
                  "name": "pitch",
                  "arguments": [
                    "sol",
                    4
                  ]
                }
              ]
            }
          ]
        },
        {
          "name": "start",
          "children": [
            {
              "name": "repeat",
              "arguments": [
                2
              ],
              "children": [
                {
                  "name": {
                    "nameddo": "chunk0"
                  }
                }
              ]
            },
            {
              "name": "repeat",
              "arguments": [
                2
              ],
              "children": [
                {
                  "name": {
                    "nameddo": "chunk1"
                  }
                }
              ]
            },
            {
              "name": "repeat",
              "arguments": [
                2
              ],
              "children": [
                {
                  "name": {
                    "nameddo": "chunk2"
                  }
                }
              ]
            },
            {
              "name": "repeat",
              "arguments": [
                2
              ],
              "children": [
                {
                  "name": {
                    "nameddo": "chunk3"
                  }
                }
              ]
            }
          ]
        }
      ]

      at log (js/js-export/ast2blocklist.js:76:21)

    console.log
      newnote

      at log (js/js-export/ast2blocklist.js:154:41)

    console.log
      newnote

      at log (js/js-export/ast2blocklist.js:154:41)

    console.log
      newnote

      at log (js/js-export/ast2blocklist.js:154:41)

    console.log
      newnote

      at log (js/js-export/ast2blocklist.js:154:41)

    console.log
      [
        {
          "name": "start",
          "children": [
            {
              "name": "setDict2",
              "arguments": [
                "key",
                2
              ]
            },
            {
              "name": "setDict",
              "arguments": [
                "solfege",
                "do",
                {
                  "name": "getDict2",
                  "arguments": [
                    "key"
                  ]
                }
              ]
            },
            {
              "name": "setDict",
              "arguments": [
                "solfege",
                "re",
                3
              ]
            },
            {
              "name": "setDict",
              "arguments": [
                "solfege",
                "mi",
                2
              ]
            },
            {
              "name": "setDict",
              "arguments": [
                "solfege",
                "fa",
                1
              ]
            },
            {
              "name": "newnote",
              "arguments": [
                {
                  "name": "divide",
                  "arguments": [
                    1,
                    4
                  ]
                }
              ],
              "children": [
                {
                  "name": "pitch",
                  "arguments": [
                    "do",
                    {
                      "name": "getDict",
                      "arguments": [
                        "solfege",
                        "do"
                      ]
                    }
                  ]
                }
              ]
            },
            {
              "name": "newnote",
              "arguments": [
                {
                  "name": "divide",
                  "arguments": [
                    1,
                    4
                  ]
                }
              ],
              "children": [
                {
                  "name": "pitch",
                  "arguments": [
                    "re",
                    {
                      "name": "getDict",
                      "arguments": [
                        "solfege",
                        "re"
                      ]
                    }
                  ]
                }
              ]
            },
            {
              "name": "newnote",
              "arguments": [
                {
                  "name": "divide",
                  "arguments": [
                    1,
                    4
                  ]
                }
              ],
              "children": [
                {
                  "name": "pitch",
                  "arguments": [
                    "mi",
                    {
                      "name": "getDict",
                      "arguments": [
                        "solfege",
                        "mi"
                      ]
                    }
                  ]
                }
              ]
            },
            {
              "name": "newnote",
              "arguments": [
                {
                  "name": "divide",
                  "arguments": [
                    1,
                    4
                  ]
                }
              ],
              "children": [
                {
                  "name": "pitch",
                  "arguments": [
                    "fa",
                    {
                      "name": "getDict",
                      "arguments": [
                        "solfege",
                        "fa"
                      ]
                    }
                  ]
                }
              ]
            }
          ]
        }
      ]

      at log (js/js-export/ast2blocklist.js:76:21)

    console.log
      newnote

      at log (js/js-export/ast2blocklist.js:154:41)

    console.log
      newnote

      at log (js/js-export/ast2blocklist.js:154:41)

    console.log
      newnote

      at log (js/js-export/ast2blocklist.js:154:41)

    console.log
      newnote

      at log (js/js-export/ast2blocklist.js:154:41)

    console.log
      newnote

      at log (js/js-export/ast2blocklist.js:154:41)

    console.log
      rhythmicdot2

      at log (js/js-export/ast2blocklist.js:154:41)

    console.log
      newnote

      at log (js/js-export/ast2blocklist.js:154:41)

    console.log
      newnote

      at log (js/js-export/ast2blocklist.js:154:41)

    console.log
      newnote

      at log (js/js-export/ast2blocklist.js:154:41)

    console.log
      multiplybeatfactor

      at log (js/js-export/ast2blocklist.js:154:41)

    console.log
      newnote

      at log (js/js-export/ast2blocklist.js:154:41)

    console.log
      newnote

      at log (js/js-export/ast2blocklist.js:154:41)

    console.log
      newnote

      at log (js/js-export/ast2blocklist.js:154:41)

    console.log
      osctime

      at log (js/js-export/ast2blocklist.js:154:41)

    console.log
      [
        {
          "name": "start",
          "children": [
            {
              "name": "newnote",
              "arguments": [
                {
                  "name": "divide",
                  "arguments": [
                    1,
                    4
                  ]
                }
              ],
              "children": [
                {
                  "name": "pitch",
                  "arguments": [
                    "sol",
                    4
                  ]
                }
              ]
            },
            {
              "name": "newnote",
              "arguments": [
                {
                  "name": "divide",
                  "arguments": [
                    1,
                    4
                  ]
                }
              ],
              "children": [
                {
                  "name": "pitch",
                  "arguments": [
                    "G",
                    4
                  ]
                }
              ]
            },
            {
              "name": "newnote",
              "arguments": [
                {
                  "name": "divide",
                  "arguments": [
                    1,
                    4
                  ]
                }
              ],
              "children": [
                {
                  "name": "pitch",
                  "arguments": [
                    "5",
                    4
                  ]
                }
              ]
            },
            {
              "name": "newnote",
              "arguments": [
                {
                  "name": "divide",
                  "arguments": [
                    1,
                    4
                  ]
                }
              ],
              "children": [
                {
                  "name": "hertz",
                  "arguments": [
                    392
                  ]
                }
              ]
            },
            {
              "name": "newnote",
              "arguments": [
                {
                  "name": "divide",
                  "arguments": [
                    1,
                    4
                  ]
                }
              ],
              "children": [
                {
                  "name": "rest2"
                }
              ]
            },
            {
              "name": "rhythmicdot2",
              "arguments": [
                1
              ],
              "children": [
                {
                  "name": "newnote",
                  "arguments": [
                    {
                      "name": "divide",
                      "arguments": [
                        1,
                        4
                      ]
                    }
                  ],
                  "children": [
                    {
                      "name": "pitch",
                      "arguments": [
                        "sol",
                        4
                      ]
                    }
                  ]
                }
              ]
            },
            {
              "name": "tie",
              "children": [
                {
                  "name": "newnote",
                  "arguments": [
                    {
                      "name": "divide",
                      "arguments": [
                        1,
                        4
                      ]
                    }
                  ],
                  "children": [
                    {
                      "name": "pitch",
                      "arguments": [
                        "sol",
                        4
                      ]
                    }
                  ]
                },
                {
                  "name": "newnote",
                  "arguments": [
                    {
                      "name": "divide",
                      "arguments": [
                        1,
                        4
                      ]
                    }
                  ],
                  "children": [
                    {
                      "name": "pitch",
                      "arguments": [
                        "sol",
                        4
                      ]
                    }
                  ]
                }
              ]
            },
            {
              "name": "multiplybeatfactor",
              "arguments": [
                {
                  "name": "divide",
                  "arguments": [
                    1,
                    2
                  ]
                }
              ],
              "children": [
                {
                  "name": "newnote",
                  "arguments": [
                    {
                      "name": "divide",
                      "arguments": [
                        1,
                        4
                      ]
                    }
                  ],
                  "children": [
                    {
                      "name": "pitch",
                      "arguments": [
                        "sol",
                        4
                      ]
                    }
                  ]
                }
              ]
            },
            {
              "name": "newswing2",
              "arguments": [
                {
                  "name": "divide",
                  "arguments": [
                    1,
                    24
                  ]
                },
                {
                  "name": "divide",
                  "arguments": [
                    1,
                    8
                  ]
                }
              ],
              "children": [
                {
                  "name": "newnote",
                  "arguments": [
                    {
                      "name": "divide",
                      "arguments": [
                        1,
                        4
                      ]
                    }
                  ],
                  "children": [
                    {
                      "name": "pitch",
                      "arguments": [
                        "sol",
                        4
                      ]
                    }
                  ]
                },
                {
                  "name": "newnote",
                  "arguments": [
                    {
                      "name": "divide",
                      "arguments": [
                        1,
                        4
                      ]
                    }
                  ],
                  "children": [
                    {
                      "name": "pitch",
                      "arguments": [
                        "sol",
                        4
                      ]
                    }
                  ]
                }
              ]
            },
            {
              "name": "osctime",
              "arguments": [
                {
                  "name": "divide",
                  "arguments": [
                    1000,
                    {
                      "name": "divide",
                      "arguments": [
                        3,
                        2
                      ]
                    }
                  ]
                }
              ],
              "children": [
                {
                  "name": "hertz",
                  "arguments": [
                    392
                  ]
                }
              ]
            }
          ]
        }
      ]

      at log (js/js-export/ast2blocklist.js:76:21)

    console.log
      {
        name_map: {
          playNote: 'newnote',
          dot: 'rhythmicdot2',
          multiplyNoteValue: 'multiplybeatfactor',
          playNoteMillis: 'osctime',
          doCrescendo: 'crescendo',
          doDecrescendo: 'decrescendo',
          setSemitoneTranspose: 'settransposition',
          setScalarInterval: 'interval',
          doDistortion: 'dis',
          doHarmonic: 'harmonic2',
          setStaccato: 'newstaccato',
          setSlur: 'newslur',
          setRelativeVolume: 'articulation'
        },
        comment: 'Flow blocks with one number argument',
        arguments: [ { type: 'NumberExpression' } ],
        ast: {
          identifiers: [ [Object], [Object], [Object], [Object] ],
          argument_properties: [ 'expression.argument.arguments[0]' ],
          children_properties: [ 'expression.argument.arguments[1].body.body' ]
        },
        default_vspaces: { argument: 1 },
        name: 'osctime'
      }

      at log (js/js-export/ast2blocklist.js:563:41)

    console.log
      newnote

      at log (js/js-export/ast2blocklist.js:564:41)

    console.log
      {
        name_map: {
          playNote: 'newnote',
          dot: 'rhythmicdot2',
          multiplyNoteValue: 'multiplybeatfactor',
          playNoteMillis: 'osctime',
          doCrescendo: 'crescendo',
          doDecrescendo: 'decrescendo',
          setSemitoneTranspose: 'settransposition',
          setScalarInterval: 'interval',
          doDistortion: 'dis',
          doHarmonic: 'harmonic2',
          setStaccato: 'newstaccato',
          setSlur: 'newslur',
          setRelativeVolume: 'articulation'
        },
        comment: 'Flow blocks with one number argument',
        arguments: [ { type: 'NumberExpression' } ],
        ast: {
          identifiers: [ [Object], [Object], [Object], [Object] ],
          argument_properties: [ 'expression.argument.arguments[0]' ],
          children_properties: [ 'expression.argument.arguments[1].body.body' ]
        },
        default_vspaces: { argument: 1 },
        name: 'osctime'
      }

      at log (js/js-export/ast2blocklist.js:563:41)

    console.log
      newnote

      at log (js/js-export/ast2blocklist.js:564:41)

    console.log
      {
        name_map: {
          playNote: 'newnote',
          dot: 'rhythmicdot2',
          multiplyNoteValue: 'multiplybeatfactor',
          playNoteMillis: 'osctime',
          doCrescendo: 'crescendo',
          doDecrescendo: 'decrescendo',
          setSemitoneTranspose: 'settransposition',
          setScalarInterval: 'interval',
          doDistortion: 'dis',
          doHarmonic: 'harmonic2',
          setStaccato: 'newstaccato',
          setSlur: 'newslur',
          setRelativeVolume: 'articulation'
        },
        comment: 'Flow blocks with one number argument',
        arguments: [ { type: 'NumberExpression' } ],
        ast: {
          identifiers: [ [Object], [Object], [Object], [Object] ],
          argument_properties: [ 'expression.argument.arguments[0]' ],
          children_properties: [ 'expression.argument.arguments[1].body.body' ]
        },
        default_vspaces: { argument: 1 },
        name: 'osctime'
      }

      at log (js/js-export/ast2blocklist.js:563:41)

    console.log
      newnote

      at log (js/js-export/ast2blocklist.js:564:41)

    console.log
      {
        name_map: {
          playNote: 'newnote',
          dot: 'rhythmicdot2',
          multiplyNoteValue: 'multiplybeatfactor',
          playNoteMillis: 'osctime',
          doCrescendo: 'crescendo',
          doDecrescendo: 'decrescendo',
          setSemitoneTranspose: 'settransposition',
          setScalarInterval: 'interval',
          doDistortion: 'dis',
          doHarmonic: 'harmonic2',
          setStaccato: 'newstaccato',
          setSlur: 'newslur',
          setRelativeVolume: 'articulation'
        },
        comment: 'Flow blocks with one number argument',
        arguments: [ { type: 'NumberExpression' } ],
        ast: {
          identifiers: [ [Object], [Object], [Object], [Object] ],
          argument_properties: [ 'expression.argument.arguments[0]' ],
          children_properties: [ 'expression.argument.arguments[1].body.body' ]
        },
        default_vspaces: { argument: 1 },
        name: 'osctime'
      }

      at log (js/js-export/ast2blocklist.js:563:41)

    console.log
      newnote

      at log (js/js-export/ast2blocklist.js:564:41)

    console.log
      {
        name_map: {
          playNote: 'newnote',
          dot: 'rhythmicdot2',
          multiplyNoteValue: 'multiplybeatfactor',
          playNoteMillis: 'osctime',
          doCrescendo: 'crescendo',
          doDecrescendo: 'decrescendo',
          setSemitoneTranspose: 'settransposition',
          setScalarInterval: 'interval',
          doDistortion: 'dis',
          doHarmonic: 'harmonic2',
          setStaccato: 'newstaccato',
          setSlur: 'newslur',
          setRelativeVolume: 'articulation'
        },
        comment: 'Flow blocks with one number argument',
        arguments: [ { type: 'NumberExpression' } ],
        ast: {
          identifiers: [ [Object], [Object], [Object], [Object] ],
          argument_properties: [ 'expression.argument.arguments[0]' ],
          children_properties: [ 'expression.argument.arguments[1].body.body' ]
        },
        default_vspaces: { argument: 1 },
        name: 'osctime'
      }

      at log (js/js-export/ast2blocklist.js:563:41)

    console.log
      newnote

      at log (js/js-export/ast2blocklist.js:564:41)

    console.log
      {
        name_map: {
          playNote: 'newnote',
          dot: 'rhythmicdot2',
          multiplyNoteValue: 'multiplybeatfactor',
          playNoteMillis: 'osctime',
          doCrescendo: 'crescendo',
          doDecrescendo: 'decrescendo',
          setSemitoneTranspose: 'settransposition',
          setScalarInterval: 'interval',
          doDistortion: 'dis',
          doHarmonic: 'harmonic2',
          setStaccato: 'newstaccato',
          setSlur: 'newslur',
          setRelativeVolume: 'articulation'
        },
        comment: 'Flow blocks with one number argument',
        arguments: [ { type: 'NumberExpression' } ],
        ast: {
          identifiers: [ [Object], [Object], [Object], [Object] ],
          argument_properties: [ 'expression.argument.arguments[0]' ],
          children_properties: [ 'expression.argument.arguments[1].body.body' ]
        },
        default_vspaces: { argument: 1 },
        name: 'osctime'
      }

      at log (js/js-export/ast2blocklist.js:563:41)

    console.log
      rhythmicdot2

      at log (js/js-export/ast2blocklist.js:564:41)

    console.log
      {
        name_map: {
          playNote: 'newnote',
          dot: 'rhythmicdot2',
          multiplyNoteValue: 'multiplybeatfactor',
          playNoteMillis: 'osctime',
          doCrescendo: 'crescendo',
          doDecrescendo: 'decrescendo',
          setSemitoneTranspose: 'settransposition',
          setScalarInterval: 'interval',
          doDistortion: 'dis',
          doHarmonic: 'harmonic2',
          setStaccato: 'newstaccato',
          setSlur: 'newslur',
          setRelativeVolume: 'articulation'
        },
        comment: 'Flow blocks with one number argument',
        arguments: [ { type: 'NumberExpression' } ],
        ast: {
          identifiers: [ [Object], [Object], [Object], [Object] ],
          argument_properties: [ 'expression.argument.arguments[0]' ],
          children_properties: [ 'expression.argument.arguments[1].body.body' ]
        },
        default_vspaces: { argument: 1 },
        name: 'osctime'
      }

      at log (js/js-export/ast2blocklist.js:563:41)

    console.log
      newnote

      at log (js/js-export/ast2blocklist.js:564:41)

    console.log
      {
        name_map: {
          playNote: 'newnote',
          dot: 'rhythmicdot2',
          multiplyNoteValue: 'multiplybeatfactor',
          playNoteMillis: 'osctime',
          doCrescendo: 'crescendo',
          doDecrescendo: 'decrescendo',
          setSemitoneTranspose: 'settransposition',
          setScalarInterval: 'interval',
          doDistortion: 'dis',
          doHarmonic: 'harmonic2',
          setStaccato: 'newstaccato',
          setSlur: 'newslur',
          setRelativeVolume: 'articulation'
        },
        comment: 'Flow blocks with one number argument',
        arguments: [ { type: 'NumberExpression' } ],
        ast: {
          identifiers: [ [Object], [Object], [Object], [Object] ],
          argument_properties: [ 'expression.argument.arguments[0]' ],
          children_properties: [ 'expression.argument.arguments[1].body.body' ]
        },
        default_vspaces: { argument: 1 },
        name: 'osctime'
      }

      at log (js/js-export/ast2blocklist.js:563:41)

    console.log
      newnote

      at log (js/js-export/ast2blocklist.js:564:41)

    console.log
      {
        name_map: {
          playNote: 'newnote',
          dot: 'rhythmicdot2',
          multiplyNoteValue: 'multiplybeatfactor',
          playNoteMillis: 'osctime',
          doCrescendo: 'crescendo',
          doDecrescendo: 'decrescendo',
          setSemitoneTranspose: 'settransposition',
          setScalarInterval: 'interval',
          doDistortion: 'dis',
          doHarmonic: 'harmonic2',
          setStaccato: 'newstaccato',
          setSlur: 'newslur',
          setRelativeVolume: 'articulation'
        },
        comment: 'Flow blocks with one number argument',
        arguments: [ { type: 'NumberExpression' } ],
        ast: {
          identifiers: [ [Object], [Object], [Object], [Object] ],
          argument_properties: [ 'expression.argument.arguments[0]' ],
          children_properties: [ 'expression.argument.arguments[1].body.body' ]
        },
        default_vspaces: { argument: 1 },
        name: 'osctime'
      }

      at log (js/js-export/ast2blocklist.js:563:41)

    console.log
      newnote

      at log (js/js-export/ast2blocklist.js:564:41)

    console.log
      {
        name_map: {
          playNote: 'newnote',
          dot: 'rhythmicdot2',
          multiplyNoteValue: 'multiplybeatfactor',
          playNoteMillis: 'osctime',
          doCrescendo: 'crescendo',
          doDecrescendo: 'decrescendo',
          setSemitoneTranspose: 'settransposition',
          setScalarInterval: 'interval',
          doDistortion: 'dis',
          doHarmonic: 'harmonic2',
          setStaccato: 'newstaccato',
          setSlur: 'newslur',
          setRelativeVolume: 'articulation'
        },
        comment: 'Flow blocks with one number argument',
        arguments: [ { type: 'NumberExpression' } ],
        ast: {
          identifiers: [ [Object], [Object], [Object], [Object] ],
          argument_properties: [ 'expression.argument.arguments[0]' ],
          children_properties: [ 'expression.argument.arguments[1].body.body' ]
        },
        default_vspaces: { argument: 1 },
        name: 'osctime'
      }

      at log (js/js-export/ast2blocklist.js:563:41)

    console.log
      multiplybeatfactor

      at log (js/js-export/ast2blocklist.js:564:41)

    console.log
      {
        name_map: {
          playNote: 'newnote',
          dot: 'rhythmicdot2',
          multiplyNoteValue: 'multiplybeatfactor',
          playNoteMillis: 'osctime',
          doCrescendo: 'crescendo',
          doDecrescendo: 'decrescendo',
          setSemitoneTranspose: 'settransposition',
          setScalarInterval: 'interval',
          doDistortion: 'dis',
          doHarmonic: 'harmonic2',
          setStaccato: 'newstaccato',
          setSlur: 'newslur',
          setRelativeVolume: 'articulation'
        },
        comment: 'Flow blocks with one number argument',
        arguments: [ { type: 'NumberExpression' } ],
        ast: {
          identifiers: [ [Object], [Object], [Object], [Object] ],
          argument_properties: [ 'expression.argument.arguments[0]' ],
          children_properties: [ 'expression.argument.arguments[1].body.body' ]
        },
        default_vspaces: { argument: 1 },
        name: 'osctime'
      }

      at log (js/js-export/ast2blocklist.js:563:41)

    console.log
      newnote

      at log (js/js-export/ast2blocklist.js:564:41)

    console.log
      {
        name_map: {
          playNote: 'newnote',
          dot: 'rhythmicdot2',
          multiplyNoteValue: 'multiplybeatfactor',
          playNoteMillis: 'osctime',
          doCrescendo: 'crescendo',
          doDecrescendo: 'decrescendo',
          setSemitoneTranspose: 'settransposition',
          setScalarInterval: 'interval',
          doDistortion: 'dis',
          doHarmonic: 'harmonic2',
          setStaccato: 'newstaccato',
          setSlur: 'newslur',
          setRelativeVolume: 'articulation'
        },
        comment: 'Flow blocks with one number argument',
        arguments: [ { type: 'NumberExpression' } ],
        ast: {
          identifiers: [ [Object], [Object], [Object], [Object] ],
          argument_properties: [ 'expression.argument.arguments[0]' ],
          children_properties: [ 'expression.argument.arguments[1].body.body' ]
        },
        default_vspaces: { argument: 1 },
        name: 'osctime'
      }

      at log (js/js-export/ast2blocklist.js:563:41)

    console.log
      newnote

      at log (js/js-export/ast2blocklist.js:564:41)

    console.log
      {
        name_map: {
          playNote: 'newnote',
          dot: 'rhythmicdot2',
          multiplyNoteValue: 'multiplybeatfactor',
          playNoteMillis: 'osctime',
          doCrescendo: 'crescendo',
          doDecrescendo: 'decrescendo',
          setSemitoneTranspose: 'settransposition',
          setScalarInterval: 'interval',
          doDistortion: 'dis',
          doHarmonic: 'harmonic2',
          setStaccato: 'newstaccato',
          setSlur: 'newslur',
          setRelativeVolume: 'articulation'
        },
        comment: 'Flow blocks with one number argument',
        arguments: [ { type: 'NumberExpression' } ],
        ast: {
          identifiers: [ [Object], [Object], [Object], [Object] ],
          argument_properties: [ 'expression.argument.arguments[0]' ],
          children_properties: [ 'expression.argument.arguments[1].body.body' ]
        },
        default_vspaces: { argument: 1 },
        name: 'osctime'
      }

      at log (js/js-export/ast2blocklist.js:563:41)

    console.log
      newnote

      at log (js/js-export/ast2blocklist.js:564:41)

    console.log
      newnote

      at log (js/js-export/ast2blocklist.js:154:41)

    console.log
      newnote

      at log (js/js-export/ast2blocklist.js:154:41)

    console.log
      newnote

      at log (js/js-export/ast2blocklist.js:154:41)

    console.log
      newnote

      at log (js/js-export/ast2blocklist.js:154:41)

    console.log
      newnote

      at log (js/js-export/ast2blocklist.js:154:41)

    console.log
      newnote

      at log (js/js-export/ast2blocklist.js:154:41)

    console.log
      newnote

      at log (js/js-export/ast2blocklist.js:154:41)

    console.log
      newnote

      at log (js/js-export/ast2blocklist.js:154:41)

    console.log
      newnote

      at log (js/js-export/ast2blocklist.js:154:41)

    console.log
      newnote

      at log (js/js-export/ast2blocklist.js:154:41)

    console.log
      [
        {
          "name": "start",
          "children": [
            {
              "name": "ifthenelse",
              "arguments": [
                true
              ],
              "children": [
                {
                  "name": "newnote",
                  "arguments": [
                    {
                      "name": "divide",
                      "arguments": [
                        1,
                        4
                      ]
                    }
                  ],
                  "children": [
                    {
                      "name": "pitch",
                      "arguments": [
                        "sol",
                        4
                      ]
                    }
                  ]
                },
                {
                  "name": "newnote",
                  "arguments": [
                    {
                      "name": "divide",
                      "arguments": [
                        1,
                        4
                      ]
                    }
                  ],
                  "children": [
                    {
                      "name": "pitch",
                      "arguments": [
                        "sol",
                        4
                      ]
                    }
                  ]
                },
                {
                  "name": "newnote",
                  "arguments": [
                    {
                      "name": "divide",
                      "arguments": [
                        1,
                        4
                      ]
                    }
                  ],
                  "children": [
                    {
                      "name": "pitch",
                      "arguments": [
                        "sol",
                        4
                      ]
                    }
                  ]
                },
                {
                  "name": "else"
                },
                {
                  "name": "newnote",
                  "arguments": [
                    {
                      "name": "divide",
                      "arguments": [
                        1,
                        4
                      ]
                    }
                  ],
                  "children": [
                    {
                      "name": "pitch",
                      "arguments": [
                        "sol",
                        4
                      ]
                    }
                  ]
                },
                {
                  "name": "newnote",
                  "arguments": [
                    {
                      "name": "divide",
                      "arguments": [
                        1,
                        6
                      ]
                    }
                  ],
                  "children": [
                    {
                      "name": "pitch",
                      "arguments": [
                        "sol",
                        4
                      ]
                    }
                  ]
                }
              ]
            },
            {
              "name": "forever",
              "children": [
                {
                  "name": "newnote",
                  "arguments": [
                    {
                      "name": "divide",
                      "arguments": [
                        1,
                        4
                      ]
                    }
                  ],
                  "children": [
                    {
                      "name": "pitch",
                      "arguments": [
                        "sol",
                        4
                      ]
                    }
                  ]
                },
                {
                  "name": "break"
                }
              ]
            },
            {
              "name": "forever",
              "children": [
                {
                  "name": "newnote",
                  "arguments": [
                    {
                      "name": "divide",
                      "arguments": [
                        1,
                        4
                      ]
                    }
                  ],
                  "children": [
                    {
                      "name": "pitch",
                      "arguments": [
                        "sol",
                        4
                      ]
                    }
                  ]
                }
              ]
            },
            {
              "name": "until",
              "arguments": [
                true
              ],
              "children": [
                {
                  "name": "newnote",
                  "arguments": [
                    {
                      "name": "divide",
                      "arguments": [
                        1,
                        4
                      ]
                    }
                  ],
                  "children": [
                    {
                      "name": "pitch",
                      "arguments": [
                        "sol",
                        4
                      ]
                    }
                  ]
                }
              ]
            },
            {
              "name": "switch",
              "arguments": [
                1
              ],
              "children": [
                {
                  "name": "case",
                  "arguments": [
                    1
                  ],
                  "children": [
                    {
                      "name": "newnote",
                      "arguments": [
                        {
                          "name": "divide",
                          "arguments": [
                            1,
                            4
                          ]
                        }
                      ],
                      "children": [
                        {
                          "name": "pitch",
                          "arguments": [
                            "sol",
                            4
                          ]
                        }
                      ]
                    },
                    {
                      "name": "break"
                    },
                    {
                      "name": "break"
                    },
                    {
                      "name": "break"
                    }
                  ]
                },
                {
                  "name": "defaultcase",
                  "children": [
                    {
                      "name": "newnote",
                      "arguments": [
                        {
                          "name": "divide",
                          "arguments": [
                            1,
                            4
                          ]
                        }
                      ],
                      "children": [
                        {
                          "name": "pitch",
                          "arguments": [
                            "5",
                            4
                          ]
                        }
                      ]
                    }
                  ]
                }
              ]
            }
          ]
        }
      ]

      at log (js/js-export/ast2blocklist.js:76:21)

    console.log
      [
        {
          "name": "start",
          "children": [
            {
              "name": "meter",
              "arguments": [
                4,
                {
                  "name": "divide",
                  "arguments": [
                    1,
                    4
                  ]
                }
              ]
            },
            {
              "name": "pickup",
              "arguments": [
                {
                  "name": "divide",
                  "arguments": [
                    0,
                    4
                  ]
                }
              ]
            },
            {
              "name": "setbpm3",
              "arguments": [
                90,
                {
                  "name": "divide",
                  "arguments": [
                    1,
                    4
                  ]
                }
              ]
            },
            {
              "name": "setmasterbpm2",
              "arguments": [
                90,
                {
                  "name": "divide",
                  "arguments": [
                    1,
                    4
                  ]
                }
              ]
            },
            {
              "name": "everybeatdo",
              "arguments": [
                "action"
              ]
            },
            {
              "name": "drift",
              "children": [
                {
                  "name": "onbeatdo",
                  "arguments": [
                    {
                      "name": "nopValueBlock",
                      "arguments": []
                    },
                    "action"
                  ]
                },
                {
                  "name": "onbeatdo",
                  "arguments": [
                    {
                      "name": "nopValueBlock",
                      "arguments": []
                    },
                    "action"
                  ]
                },
                {
                  "name": "onbeatdo",
                  "arguments": [
                    {
                      "name": "nopValueBlock",
                      "arguments": []
                    },
                    "action"
                  ]
                },
                {
                  "name": "onbeatdo",
                  "arguments": [
                    {
                      "name": "beatfactor",
                      "arguments": []
                    },
                    "action"
                  ]
                },
                {
                  "name": "everybeatdonew",
                  "arguments": [
                    "action"
                  ]
                },
                {
                  "name": "offbeatdo",
                  "arguments": [
                    "action"
                  ]
                }
              ]
            }
          ]
        }
      ]

      at log (js/js-export/ast2blocklist.js:76:21)

    console.log
      newnote

      at log (js/js-export/ast2blocklist.js:154:41)

    console.log
      settransposition

      at log (js/js-export/ast2blocklist.js:154:41)

    console.log
      settransposition

      at log (js/js-export/ast2blocklist.js:154:41)

    console.log
      newnote

      at log (js/js-export/ast2blocklist.js:154:41)

    console.log
      [
        {
          "name": "start",
          "children": [
            {
              "name": "pitch",
              "arguments": [
                "sol",
                4
              ]
            },
            {
              "name": "pitch",
              "arguments": [
                "G",
                4
              ]
            },
            {
              "name": "steppitch",
              "arguments": [
                1
              ]
            },
            {
              "name": "nthmodalpitch",
              "arguments": [
                4,
                4
              ]
            },
            {
              "name": "pitchnumber",
              "arguments": [
                7
              ]
            },
            {
              "name": "accidental",
              "arguments": [
                "sharp ♯"
              ],
              "children": [
                {
                  "name": "newnote",
                  "arguments": [
                    {
                      "name": "divide",
                      "arguments": [
                        1,
                        4
                      ]
                    }
                  ],
                  "children": [
                    {
                      "name": "pitch",
                      "arguments": [
                        "sol",
                        4
                      ]
                    }
                  ]
                }
              ]
            },
            {
              "name": "hertz",
              "arguments": [
                392
              ]
            },
            {
              "name": "setscalartransposition",
              "arguments": [
                {
                  "name": "plus",
                  "arguments": [
                    0,
                    {
                      "name": "multiply",
                      "arguments": [
                        0,
                        {
                          "name": "modelength",
                          "arguments": []
                        }
                      ]
                    }
                  ]
                }
              ]
            },
            {
              "name": "settransposition",
              "arguments": [
                {
                  "name": "plus",
                  "arguments": [
                    1,
                    {
                      "name": "multiply",
                      "arguments": [
                        0,
                        12
                      ]
                    }
                  ]
                }
              ]
            },
            {
              "name": "settransposition",
              "arguments": [
                {
                  "name": "divide",
                  "arguments": [
                    50,
                    100
                  ]
                }
              ],
              "children": [
                {
                  "name": "newnote",
                  "arguments": [
                    {
                      "name": "divide",
                      "arguments": [
                        1,
                        4
                      ]
                    }
                  ],
                  "children": [
                    {
                      "name": "pitch",
                      "arguments": [
                        "sol",
                        4
                      ]
                    }
                  ]
                }
              ]
            },
            {
              "name": "register",
              "arguments": [
                0
              ]
            },
            {
              "name": "invert1",
              "arguments": [
                "sol",
                4,
                "even"
              ],
              "children": [
                {
                  "name": "setpitchnumberoffset",
                  "arguments": [
                    "C",
                    4
                  ]
                },
                {
                  "name": "setpitchnumberoffset",
                  "arguments": [
                    "C",
                    {
                      "name": "neg",
                      "arguments": [
                        1
                      ]
                    }
                  ]
                }
              ]
            }
          ]
        }
      ]

      at log (js/js-export/ast2blocklist.js:76:21)

    console.log
      {
        name_map: {
          playNote: 'newnote',
          dot: 'rhythmicdot2',
          multiplyNoteValue: 'multiplybeatfactor',
          playNoteMillis: 'osctime',
          doCrescendo: 'crescendo',
          doDecrescendo: 'decrescendo',
          setSemitoneTranspose: 'settransposition',
          setScalarInterval: 'interval',
          doDistortion: 'dis',
          doHarmonic: 'harmonic2',
          setStaccato: 'newstaccato',
          setSlur: 'newslur',
          setRelativeVolume: 'articulation'
        },
        comment: 'Flow blocks with one number argument',
        arguments: [ { type: 'NumberExpression' } ],
        ast: {
          identifiers: [ [Object], [Object], [Object], [Object] ],
          argument_properties: [ 'expression.argument.arguments[0]' ],
          children_properties: [ 'expression.argument.arguments[1].body.body' ]
        },
        default_vspaces: { argument: 1 },
        name: 'newnote'
      }

      at log (js/js-export/ast2blocklist.js:563:41)

    console.log
      settransposition

      at log (js/js-export/ast2blocklist.js:564:41)

    console.log
      {
        name_map: {
          playNote: 'newnote',
          dot: 'rhythmicdot2',
          multiplyNoteValue: 'multiplybeatfactor',
          playNoteMillis: 'osctime',
          doCrescendo: 'crescendo',
          doDecrescendo: 'decrescendo',
          setSemitoneTranspose: 'settransposition',
          setScalarInterval: 'interval',
          doDistortion: 'dis',
          doHarmonic: 'harmonic2',
          setStaccato: 'newstaccato',
          setSlur: 'newslur',
          setRelativeVolume: 'articulation'
        },
        comment: 'Flow blocks with one number argument',
        arguments: [ { type: 'NumberExpression' } ],
        ast: {
          identifiers: [ [Object], [Object], [Object], [Object] ],
          argument_properties: [ 'expression.argument.arguments[0]' ],
          children_properties: [ 'expression.argument.arguments[1].body.body' ]
        },
        default_vspaces: { argument: 1 },
        name: 'newnote'
      }

      at log (js/js-export/ast2blocklist.js:563:41)

    console.log
      settransposition

      at log (js/js-export/ast2blocklist.js:564:41)

    console.log
      interval

      at log (js/js-export/ast2blocklist.js:154:41)

    console.log
      [
        {
          "name": "start",
          "children": [
            {
              "name": "setkey2",
              "arguments": [
                "C",
                "major"
              ]
            },
            {
              "name": "interval",
              "arguments": [
                5
              ]
            },
            {
              "name": "semitoneinterval",
              "arguments": [
                {
                  "name": "plus",
                  "arguments": [
                    4,
                    {
                      "name": "multiply",
                      "arguments": [
                        0,
                        12
                      ]
                    }
                  ]
                }
              ]
            },
            {
              "name": "semitoneinterval",
              "arguments": [
                {
                  "name": "plus",
                  "arguments": [
                    "major 3",
                    {
                      "name": "multiply",
                      "arguments": [
                        0,
                        12
                      ]
                    }
                  ]
                }
              ]
            },
            {
              "name": "settemperament",
              "arguments": [
                "equal",
                "C",
                4
              ]
            }
          ]
        }
      ]

      at log (js/js-export/ast2blocklist.js:76:21)

    console.log
      dis

      at log (js/js-export/ast2blocklist.js:154:41)

    console.log
      harmonic2

      at log (js/js-export/ast2blocklist.js:154:41)

    console.log
      [
        {
          "name": "start",
          "children": [
            {
              "name": "settimbre",
              "arguments": [
                "electronic synth"
              ]
            },
            {
              "name": "vibrato",
              "arguments": [
                5,
                {
                  "name": "divide",
                  "arguments": [
                    1,
                    16
                  ]
                }
              ]
            },
            {
              "name": "chorus",
              "arguments": [
                1.5,
                3.5,
                70
              ]
            },
            {
              "name": "phaser",
              "arguments": [
                0.5,
                3,
                392
              ]
            },
            {
              "name": "tremolo",
              "arguments": [
                10,
                50
              ]
            },
            {
              "name": "dis",
              "arguments": [
                40
              ]
            },
            {
              "name": "harmonic2",
              "arguments": [
                1
              ]
            }
          ]
        }
      ]

      at log (js/js-export/ast2blocklist.js:76:21)

    console.log
      {
        name_map: {
          playNote: 'newnote',
          dot: 'rhythmicdot2',
          multiplyNoteValue: 'multiplybeatfactor',
          playNoteMillis: 'osctime',
          doCrescendo: 'crescendo',
          doDecrescendo: 'decrescendo',
          setSemitoneTranspose: 'settransposition',
          setScalarInterval: 'interval',
          doDistortion: 'dis',
          doHarmonic: 'harmonic2',
          setStaccato: 'newstaccato',
          setSlur: 'newslur',
          setRelativeVolume: 'articulation'
        },
        comment: 'Flow blocks with one number argument',
        arguments: [ { type: 'NumberExpression' } ],
        ast: {
          identifiers: [ [Object], [Object], [Object], [Object] ],
          argument_properties: [ 'expression.argument.arguments[0]' ],
          children_properties: [ 'expression.argument.arguments[1].body.body' ]
        },
        default_vspaces: { argument: 1 },
        name: 'harmonic2'
      }

      at log (js/js-export/ast2blocklist.js:563:41)

    console.log
      dis

      at log (js/js-export/ast2blocklist.js:564:41)

    console.log
      newstaccato

      at log (js/js-export/ast2blocklist.js:154:41)

    console.log
      newslur

      at log (js/js-export/ast2blocklist.js:154:41)

    console.log
      crescendo

      at log (js/js-export/ast2blocklist.js:154:41)

    console.log
      decrescendo

      at log (js/js-export/ast2blocklist.js:154:41)

    console.log
      articulation

      at log (js/js-export/ast2blocklist.js:154:41)

    console.log
      [
        {
          "name": "start",
          "children": [
            {
              "name": "newstaccato",
              "arguments": [
                {
                  "name": "divide",
                  "arguments": [
                    1,
                    32
                  ]
                }
              ]
            },
            {
              "name": "newslur",
              "arguments": [
                {
                  "name": "divide",
                  "arguments": [
                    1,
                    16
                  ]
                }
              ]
            },
            {
              "name": "neighbor2",
              "arguments": [
                1,
                {
                  "name": "divide",
                  "arguments": [
                    1,
                    16
                  ]
                }
              ]
            },
            {
              "name": "crescendo",
              "arguments": [
                5
              ]
            },
            {
              "name": "decrescendo",
              "arguments": [
                5
              ]
            },
            {
              "name": "articulation",
              "arguments": [
                25
              ]
            },
            {
              "name": "setnotevolume",
              "arguments": [
                50
              ]
            },
            {
              "name": "setpanning",
              "arguments": [
                0
              ]
            },
            {
              "name": "setsynthvolume",
              "arguments": [
                "electronic synth",
                50
              ]
            },
            {
              "name": "setsynthvolume",
              "arguments": [
                "kick drum",
                50
              ]
            },
            {
              "name": "playdrum",
              "arguments": [
                "kick drum"
              ]
            },
            {
              "name": "playdrum",
              "arguments": [
                "duck"
              ]
            },
            {
              "name": "mapdrum",
              "arguments": [
                "kick drum"
              ],
              "children": [
                {
                  "name": "pitch",
                  "arguments": [
                    "sol",
                    4
                  ]
                }
              ]
            }
          ]
        }
      ]

      at log (js/js-export/ast2blocklist.js:76:21)

    console.log
      {
        name_map: {
          playNote: 'newnote',
          dot: 'rhythmicdot2',
          multiplyNoteValue: 'multiplybeatfactor',
          playNoteMillis: 'osctime',
          doCrescendo: 'crescendo',
          doDecrescendo: 'decrescendo',
          setSemitoneTranspose: 'settransposition',
          setScalarInterval: 'interval',
          doDistortion: 'dis',
          doHarmonic: 'harmonic2',
          setStaccato: 'newstaccato',
          setSlur: 'newslur',
          setRelativeVolume: 'articulation'
        },
        comment: 'Flow blocks with one number argument',
        arguments: [ { type: 'NumberExpression' } ],
        ast: {
          identifiers: [ [Object], [Object], [Object], [Object] ],
          argument_properties: [ 'expression.argument.arguments[0]' ],
          children_properties: [ 'expression.argument.arguments[1].body.body' ]
        },
        default_vspaces: { argument: 1 },
        name: 'articulation'
      }

      at log (js/js-export/ast2blocklist.js:563:41)

    console.log
      newstaccato

      at log (js/js-export/ast2blocklist.js:564:41)

    console.log
      {
        name_map: {
          playNote: 'newnote',
          dot: 'rhythmicdot2',
          multiplyNoteValue: 'multiplybeatfactor',
          playNoteMillis: 'osctime',
          doCrescendo: 'crescendo',
          doDecrescendo: 'decrescendo',
          setSemitoneTranspose: 'settransposition',
          setScalarInterval: 'interval',
          doDistortion: 'dis',
          doHarmonic: 'harmonic2',
          setStaccato: 'newstaccato',
          setSlur: 'newslur',
          setRelativeVolume: 'articulation'
        },
        comment: 'Flow blocks with one number argument',
        arguments: [ { type: 'NumberExpression' } ],
        ast: {
          identifiers: [ [Object], [Object], [Object], [Object] ],
          argument_properties: [ 'expression.argument.arguments[0]' ],
          children_properties: [ 'expression.argument.arguments[1].body.body' ]
        },
        default_vspaces: { argument: 1 },
        name: 'articulation'
      }

      at log (js/js-export/ast2blocklist.js:563:41)

    console.log
      newslur

      at log (js/js-export/ast2blocklist.js:564:41)

    console.log
      {
        name_map: {
          playNote: 'newnote',
          dot: 'rhythmicdot2',
          multiplyNoteValue: 'multiplybeatfactor',
          playNoteMillis: 'osctime',
          doCrescendo: 'crescendo',
          doDecrescendo: 'decrescendo',
          setSemitoneTranspose: 'settransposition',
          setScalarInterval: 'interval',
          doDistortion: 'dis',
          doHarmonic: 'harmonic2',
          setStaccato: 'newstaccato',
          setSlur: 'newslur',
          setRelativeVolume: 'articulation'
        },
        comment: 'Flow blocks with one number argument',
        arguments: [ { type: 'NumberExpression' } ],
        ast: {
          identifiers: [ [Object], [Object], [Object], [Object] ],
          argument_properties: [ 'expression.argument.arguments[0]' ],
          children_properties: [ 'expression.argument.arguments[1].body.body' ]
        },
        default_vspaces: { argument: 1 },
        name: 'articulation'
      }

      at log (js/js-export/ast2blocklist.js:563:41)

    console.log
      crescendo

      at log (js/js-export/ast2blocklist.js:564:41)

    console.log
      {
        name_map: {
          playNote: 'newnote',
          dot: 'rhythmicdot2',
          multiplyNoteValue: 'multiplybeatfactor',
          playNoteMillis: 'osctime',
          doCrescendo: 'crescendo',
          doDecrescendo: 'decrescendo',
          setSemitoneTranspose: 'settransposition',
          setScalarInterval: 'interval',
          doDistortion: 'dis',
          doHarmonic: 'harmonic2',
          setStaccato: 'newstaccato',
          setSlur: 'newslur',
          setRelativeVolume: 'articulation'
        },
        comment: 'Flow blocks with one number argument',
        arguments: [ { type: 'NumberExpression' } ],
        ast: {
          identifiers: [ [Object], [Object], [Object], [Object] ],
          argument_properties: [ 'expression.argument.arguments[0]' ],
          children_properties: [ 'expression.argument.arguments[1].body.body' ]
        },
        default_vspaces: { argument: 1 },
        name: 'articulation'
      }

      at log (js/js-export/ast2blocklist.js:563:41)

    console.log
      decrescendo

      at log (js/js-export/ast2blocklist.js:564:41)

    console.log
      [
        {
          "name": "start",
          "children": [
            {
              "name": "forward",
              "arguments": [
                100
              ]
            },
            {
              "name": "back",
              "arguments": [
                100
              ]
            },
            {
              "name": "left",
              "arguments": [
                90
              ]
            },
            {
              "name": "right",
              "arguments": [
                90
              ]
            },
            {
              "name": "setxy",
              "arguments": [
                0,
                0
              ]
            },
            {
              "name": "setheading",
              "arguments": [
                0
              ]
            },
            {
              "name": "arc",
              "arguments": [
                90,
                100
              ]
            },
            {
              "name": "controlpoint1",
              "arguments": [
                100,
                75
              ]
            },
            {
              "name": "controlpoint2",
              "arguments": [
                100,
                25
              ]
            },
            {
              "name": "bezier",
              "arguments": [
                0,
                100
              ]
            },
            {
              "name": "clear"
            },
            {
              "name": "scrollxy",
              "arguments": [
                100,
                0
              ]
            },
            {
              "name": "setcolor",
              "arguments": [
                0
              ]
            },
            {
              "name": "setgrey",
              "arguments": [
                100
              ]
            },
            {
              "name": "setshade",
              "arguments": [
                50
              ]
            },
            {
              "name": "sethue",
              "arguments": [
                80
              ]
            },
            {
              "name": "settranslucency",
              "arguments": [
                50
              ]
            },
            {
              "name": "setpensize",
              "arguments": [
                5
              ]
            },
            {
              "name": "penup"
            },
            {
              "name": "pendown"
            },
            {
              "name": "background"
            },
            {
              "name": "setfont",
              "arguments": [
                "sans-serif"
              ]
            }
          ]
        }
      ]

      at log (js/js-export/ast2blocklist.js:76:21)

    console.log
      [
        {
          "name": "start",
          "children": [
            {
              "name": "print",
              "arguments": [
                {
                  "name": "heap",
                  "arguments": []
                }
              ]
            },
            {
              "name": "print",
              "arguments": [
                {
                  "name": "heapLength",
                  "arguments": []
                }
              ]
            },
            {
              "name": "print",
              "arguments": [
                {
                  "name": "heapEmpty",
                  "arguments": []
                }
              ]
            },
            {
              "name": "emptyHeap"
            },
            {
              "name": "reverseHeap"
            },
            {
              "name": "push",
              "arguments": [
                9
              ]
            },
            {
              "name": "setHeapEntry",
              "arguments": [
                2,
                5
              ]
            }
          ]
        }
      ]

      at log (js/js-export/ast2blocklist.js:76:21)

PASS js/utils/__tests__/musicutils.test.js
PASS js/widgets/__tests__/phrasemaker.test.js
  ● Console

    console.debug
      notes C,kick,forward octave 4,4,100

      at PhraseMaker.debug [as init] (js/widgets/phrasemaker.js:414:17)

PASS js/__tests__/blocks.test.js
PASS js/__tests__/logo.test.js
PASS js/__tests__/SaveInterface.test.js
  ● Console

    console.debug
      saving to custom.abc

      at SaveInterface.debug [as download] (js/SaveInterface.js:258:17)

    console.debug
      saving to My Project.abc

      at SaveInterface.debug [as download] (js/SaveInterface.js:258:17)

    console.debug
      saving to My Project.wav

      at SaveInterface.debug [as download] (js/SaveInterface.js:258:17)

    console.debug
      saving to My Project.xml

      at SaveInterface.debug [as download] (js/SaveInterface.js:258:17)

    console.debug
      saving to My Project.abc

      at SaveInterface.debug [as download] (js/SaveInterface.js:258:17)

    console.debug
      saving to null

      at SaveInterface.debug [as download] (js/SaveInterface.js:258:17)

    console.debug
      save cancelled

      at debug (js/SaveInterface.js:208:25)

    console.debug
      saving to file

      at SaveInterface.debug [as download] (js/SaveInterface.js:258:17)

    console.debug
      saving to My Project Name.abc

      at SaveInterface.debug [as download] (js/SaveInterface.js:258:17)

PASS js/__tests__/block.test.js
PASS js/__tests__/piemenus.test.js
PASS js/__tests__/toolbar.test.js
PASS js/__tests__/loader.test.js
PASS js/blocks/__tests__/PitchBlocks.test.js
PASS js/widgets/__tests__/jseditor.test.js
PASS js/widgets/__tests__/temperament.test.js
PASS js/widgets/__tests__/arpeggio.test.js
PASS js/widgets/__tests__/rhythmruler.test.js
PASS js/widgets/__tests__/sampler.test.js
PASS js/widgets/__tests__/legobricks.test.js
PASS js/__tests__/turtle-singer.test.js
PASS js/widgets/__tests__/musickeyboard.test.js
  ● Console

    console.log
      Could not find anywhere to insert new block.

      at Object.log [as navigateFunction] (js/widgets/musickeyboard.js:2304:25)

PASS js/widgets/__tests__/timbre.test.js
PASS js/turtleactions/__tests__/PitchActions.test.js
PASS js/js-export/__tests__/export.test.js
PASS js/utils/__tests__/synthutils.test.js
  ● Console

    console.debug
      create default poly/default/custom synth for turtle turtle1

      at Synth.createDefaultSynth (eval at <anonymous> (js/utils/__tests__/synthutils.test.js:102:25), <anonymous>:11052:17)

    console.debug
      Cannot parse i

      at Object.Synth._parseSampleCenterNo (eval at <anonymous> (js/utils/__tests__/synthutils.test.js:102:25), <anonymous>:11150:21)

    console.debug
      loading sine

      at Synth.loadSynth (eval at <anonymous> (js/utils/__tests__/synthutils.test.js:102:25), <anonymous>:11440:21)

    console.debug
      Crescendo(decibels) flute : 0 to 4 t: 5

      at Synth.rampTo (eval at <anonymous> (js/utils/__tests__/synthutils.test.js:102:25), <anonymous>:12105:17)

    console.debug
      Crescendo flute : 20 to 60 t: 5

      at Synth.rampTo (eval at <anonymous> (js/utils/__tests__/synthutils.test.js:102:25), <anonymous>:12116:17)

    console.debug
      create default poly/default/custom synth for turtle 0

      at Object.Synth.createDefaultSynth (eval at <anonymous> (js/utils/__tests__/synthutils.test.js:102:25), <anonymous>:11052:17)

PASS js/__tests__/turtle-painter.test.js
PASS js/widgets/__tests__/widgetWindows.test.js
PASS js/widgets/__tests__/aiwidget.test.js
  ● Console

    console.warn
      synth error Error: init failed
          at Object.<anonymous> (/app/js/widgets/__tests__/aiwidget.test.js:370:55)
          at /app/node_modules/@jest/environment-jsdom-abstract/node_modules/jest-mock/build/index.js:305:39
          at Object.<anonymous> (/app/node_modules/@jest/environment-jsdom-abstract/node_modules/jest-mock/build/index.js:312:13)
          at Object.mockConstructor [as init] (/app/node_modules/@jest/environment-jsdom-abstract/node_modules/jest-mock/build/index.js:102:19)
          at AIWidget.init [as _playABCSong] (/app/js/widgets/aiwidget.js:859:39)
          at processTicksAndRejections (node:internal/process/task_queues:103:5)
          at Object.<anonymous> (/app/js/widgets/__tests__/aiwidget.test.js:396:9)

      867 |                 this.midiBuffer.start();
      868 |             } catch (error) {
    > 869 |                 console.warn("synth error", error);
          |                         ^
      870 |                 this.activity.errorMsg(_("Synth error: %s").replace(/%s/g, error.message));
      871 |             }
      872 |         } else {

      at AIWidget.warn [as _playABCSong] (js/widgets/aiwidget.js:869:25)
      at Object.<anonymous> (js/widgets/__tests__/aiwidget.test.js:396:9)

PASS js/__tests__/blockfactory.test.js
PASS planet/js/__tests__/RequestManager.test.js
  ● Console

    console.debug
      [RequestManager] Retry attempt 1/2 after 50ms

      at RequestManager.debug [as _executeWithRetry] (planet/js/RequestManager.js:190:29)

    console.debug
      [RequestManager] Retry attempt 1/2 after 50ms

      at RequestManager.debug [as _executeWithRetry] (planet/js/RequestManager.js:190:29)

    console.debug
      [RequestManager] Retry attempt 2/2 after 100ms

      at RequestManager.debug [as _executeWithRetry] (planet/js/RequestManager.js:190:29)

    console.debug
      [RequestManager] Retry attempt 1/3 after 10ms

      at RequestManager.debug [as _executeWithRetry] (planet/js/RequestManager.js:190:29)

    console.debug
      [RequestManager] Retry attempt 1/2 after 10ms

      at RequestManager.debug [as _executeWithRetry] (planet/js/RequestManager.js:190:29)

    console.debug
      [RequestManager] Retry attempt 2/2 after 20ms

      at RequestManager.debug [as _executeWithRetry] (planet/js/RequestManager.js:190:29)

PASS js/widgets/__tests__/modewidget.test.js
PASS js/widgets/__tests__/help.test.js
PASS js/blocks/__tests__/NumberBlocks.test.js
PASS js/blocks/__tests__/ProgramBlocks.test.js
  ● Console

    console.debug
      ["item1", "item2"]

      at debug (js/blocks/ProgramBlocks.js:100:29)

    console.debug
      fetched the wrong page or network error...

      at debug (js/blocks/ProgramBlocks.js:93:33)

    console.debug
      Fetch error: Error: Network response was not ok
          at /app/js/blocks/ProgramBlocks.js:95:31

      at debug (js/blocks/ProgramBlocks.js:111:29)

    console.debug
      invalid json

      at debug (js/blocks/ProgramBlocks.js:100:29)

    console.debug
      SyntaxError: Unexpected token 'i', "invalid json" is not valid JSON
          at JSON.parse (<anonymous>)
          at parse (/app/js/blocks/ProgramBlocks.js:102:43)

      at debug (js/blocks/ProgramBlocks.js:105:33)

    console.debug
      Fetch error: Error: Network error
          at Object.<anonymous> (/app/js/blocks/__tests__/ProgramBlocks.test.js:239:56)
          at Promise.then.completed (/app/node_modules/jest-circus/build/utils.js:298:28)
          at new Promise (<anonymous>)
          at callAsyncCircusFn (/app/node_modules/jest-circus/build/utils.js:231:10)
          at _callCircusTest (/app/node_modules/jest-circus/build/run.js:316:40)
          at _runTest (/app/node_modules/jest-circus/build/run.js:252:3)
          at _runTestsForDescribeBlock (/app/node_modules/jest-circus/build/run.js:126:9)
          at _runTestsForDescribeBlock (/app/node_modules/jest-circus/build/run.js:121:9)
          at _runTestsForDescribeBlock (/app/node_modules/jest-circus/build/run.js:121:9)
          at run (/app/node_modules/jest-circus/build/run.js:71:3)
          at runAndTransformResultsToJestFormat (/app/node_modules/jest-circus/build/legacy-code-todo-rewrite/jestAdapterInit.js:122:21)
          at jestAdapter (/app/node_modules/jest-circus/build/legacy-code-todo-rewrite/jestAdapter.js:79:19)
          at runTestInternal (/app/node_modules/jest-runner/build/runTest.js:367:16)
          at runTest (/app/node_modules/jest-runner/build/runTest.js:444:34)
          at Object.worker (/app/node_modules/jest-runner/build/testWorker.js:106:12)

      at debug (js/blocks/ProgramBlocks.js:111:29)

    console.debug
      run start 0

      at RunBlockBlock.debug [as flow] (js/blocks/ProgramBlocks.js:1012:25)

    console.debug
      0 < 3

      at DockBlockBlock.debug [as flow] (js/blocks/ProgramBlocks.js:1071:25)

    console.debug
      Cannot find block unknownblock

      at MakeBlockBlock.debug [as arg] (js/blocks/ProgramBlocks.js:1343:29)

    console.debug
      BLOCKNUMBER 1

      at MakeBlockBlock.debug [as arg] (js/blocks/ProgramBlocks.js:1400:29)

    console.debug
      BLOCKNUMBER 1

      at MakeBlockBlock.debug [as arg] (js/blocks/ProgramBlocks.js:1400:29)

    console.debug
      BLOCKNUMBER 1

      at MakeBlockBlock.debug [as arg] (js/blocks/ProgramBlocks.js:1400:29)

    console.warn
      Unhandled argument type { obj: true }

      1388 |                                 );
      1389 |
    > 1390 |                                 console.warn("Unhandled argument type", arg);
           |                                         ^
      1391 |                                 newBlock[0][4].push(null);
      1392 |                             }
      1393 |                         } else {

      at MakeBlockBlock.warn [as arg] (js/blocks/ProgramBlocks.js:1390:41)
      at Object.arg (js/blocks/__tests__/ProgramBlocks.test.js:1034:35)

    console.debug
      BLOCKNUMBER 1

      at MakeBlockBlock.debug [as arg] (js/blocks/ProgramBlocks.js:1400:29)

PASS js/blocks/__tests__/EnsembleBlocks.test.js
PASS js/__tests__/protoblocks.test.js
PASS js/blocks/__tests__/IntervalsBlocks.test.js
PASS js/blocks/__tests__/WidgetBlocks.test.js
PASS js/blocks/__tests__/MeterBlocks.test.js
PASS js/blocks/__tests__/ActionBlocks.test.js
  ● Console

    console.debug
      action missingAction not found

      at DoBlock.debug [as flow] (js/blocks/ActionBlocks.js:989:21)

    console.debug
      action null not found

      at DoBlock.debug [as flow] (js/blocks/ActionBlocks.js:989:21)

    console.debug
      action missingAction not found

      at ActionBlock.debug [as flow] (js/blocks/ActionBlocks.js:1369:21)

PASS js/widgets/__tests__/reflection.test.js
  ● Console

    console.error
      Error : Error: Net Error
          at Object.<anonymous> (/app/js/widgets/__tests__/reflection.test.js:388:44)
          at Promise.then.completed (/app/node_modules/jest-circus/build/utils.js:298:28)
          at new Promise (<anonymous>)
          at callAsyncCircusFn (/app/node_modules/jest-circus/build/utils.js:231:10)
          at _callCircusTest (/app/node_modules/jest-circus/build/run.js:316:40)
          at processTicksAndRejections (node:internal/process/task_queues:103:5)
          at _runTest (/app/node_modules/jest-circus/build/run.js:252:3)
          at _runTestsForDescribeBlock (/app/node_modules/jest-circus/build/run.js:126:9)
          at _runTestsForDescribeBlock (/app/node_modules/jest-circus/build/run.js:121:9)
          at _runTestsForDescribeBlock (/app/node_modules/jest-circus/build/run.js:121:9)
          at run (/app/node_modules/jest-circus/build/run.js:71:3)
          at runAndTransformResultsToJestFormat (/app/node_modules/jest-circus/build/legacy-code-todo-rewrite/jestAdapterInit.js:122:21)
          at jestAdapter (/app/node_modules/jest-circus/build/legacy-code-todo-rewrite/jestAdapter.js:79:19)
          at runTestInternal (/app/node_modules/jest-runner/build/runTest.js:367:16)
          at runTest (/app/node_modules/jest-runner/build/runTest.js:444:34)
          at Object.worker (/app/node_modules/jest-runner/build/testWorker.js:106:12)

      486 |             return data;
      487 |         } catch (error) {
    > 488 |             console.error("Error :", error);
          |                     ^
      489 |             return { error: "Failed to send message" };
      490 |         }
      491 |     }

      at ReflectionMatrix.error [as generateAlgorithm] (js/widgets/reflection.js:488:21)
      at Object.<anonymous> (js/widgets/__tests__/reflection.test.js:390:26)

PASS js/blocks/__tests__/GraphicsBlocks.test.js
PASS js/js-export/__tests__/interface.test.js
PASS js/blocks/__tests__/BooleanBlocks.test.js
  ● Console

    console.debug
      Error: Cannot convert
          at Object.valueOf (/app/js/blocks/__tests__/BooleanBlocks.test.js:481:23)
          at Number (<anonymous>)
          at GreaterBlock.Number [as arg] (/app/js/blocks/BooleanBlocks.js:459:24)
          at Object.arg (/app/js/blocks/__tests__/BooleanBlocks.test.js:484:45)
          at Promise.then.completed (/app/node_modules/jest-circus/build/utils.js:298:28)
          at new Promise (<anonymous>)
          at callAsyncCircusFn (/app/node_modules/jest-circus/build/utils.js:231:10)
          at _callCircusTest (/app/node_modules/jest-circus/build/run.js:316:40)
          at processTicksAndRejections (node:internal/process/task_queues:103:5)
          at _runTest (/app/node_modules/jest-circus/build/run.js:252:3)
          at _runTestsForDescribeBlock (/app/node_modules/jest-circus/build/run.js:126:9)
          at _runTestsForDescribeBlock (/app/node_modules/jest-circus/build/run.js:121:9)
          at run (/app/node_modules/jest-circus/build/run.js:71:3)
          at runAndTransformResultsToJestFormat (/app/node_modules/jest-circus/build/legacy-code-todo-rewrite/jestAdapterInit.js:122:21)
          at jestAdapter (/app/node_modules/jest-circus/build/legacy-code-todo-rewrite/jestAdapter.js:79:19)
          at runTestInternal (/app/node_modules/jest-runner/build/runTest.js:367:16)
          at runTest (/app/node_modules/jest-runner/build/runTest.js:444:34)
          at Object.worker (/app/node_modules/jest-runner/build/testWorker.js:106:12)

      at GreaterBlock.debug [as arg] (js/blocks/BooleanBlocks.js:461:25)

    console.debug
      Error: Cannot convert
          at Object.valueOf (/app/js/blocks/__tests__/BooleanBlocks.test.js:494:23)
          at Number (<anonymous>)
          at LessBlock.Number [as arg] (/app/js/blocks/BooleanBlocks.js:564:24)
          at Object.arg (/app/js/blocks/__tests__/BooleanBlocks.test.js:497:42)
          at Promise.then.completed (/app/node_modules/jest-circus/build/utils.js:298:28)
          at new Promise (<anonymous>)
          at callAsyncCircusFn (/app/node_modules/jest-circus/build/utils.js:231:10)
          at _callCircusTest (/app/node_modules/jest-circus/build/run.js:316:40)
          at processTicksAndRejections (node:internal/process/task_queues:103:5)
          at _runTest (/app/node_modules/jest-circus/build/run.js:252:3)
          at _runTestsForDescribeBlock (/app/node_modules/jest-circus/build/run.js:126:9)
          at _runTestsForDescribeBlock (/app/node_modules/jest-circus/build/run.js:121:9)
          at run (/app/node_modules/jest-circus/build/run.js:71:3)
          at runAndTransformResultsToJestFormat (/app/node_modules/jest-circus/build/legacy-code-todo-rewrite/jestAdapterInit.js:122:21)
          at jestAdapter (/app/node_modules/jest-circus/build/legacy-code-todo-rewrite/jestAdapter.js:79:19)
          at runTestInternal (/app/node_modules/jest-runner/build/runTest.js:367:16)
          at runTest (/app/node_modules/jest-runner/build/runTest.js:444:34)
          at Object.worker (/app/node_modules/jest-runner/build/testWorker.js:106:12)

      at LessBlock.debug [as arg] (js/blocks/BooleanBlocks.js:566:25)

    console.debug
      Error: Cannot convert
          at Object.valueOf (/app/js/blocks/__tests__/BooleanBlocks.test.js:507:23)
          at Number (<anonymous>)
          at LessThanOrEqualToBlock.Number [as arg] (/app/js/blocks/BooleanBlocks.js:664:24)
          at Object.arg (/app/js/blocks/__tests__/BooleanBlocks.test.js:510:59)
          at Promise.then.completed (/app/node_modules/jest-circus/build/utils.js:298:28)
          at new Promise (<anonymous>)
          at callAsyncCircusFn (/app/node_modules/jest-circus/build/utils.js:231:10)
          at _callCircusTest (/app/node_modules/jest-circus/build/run.js:316:40)
          at processTicksAndRejections (node:internal/process/task_queues:103:5)
          at _runTest (/app/node_modules/jest-circus/build/run.js:252:3)
          at _runTestsForDescribeBlock (/app/node_modules/jest-circus/build/run.js:126:9)
          at _runTestsForDescribeBlock (/app/node_modules/jest-circus/build/run.js:121:9)
          at run (/app/node_modules/jest-circus/build/run.js:71:3)
          at runAndTransformResultsToJestFormat (/app/node_modules/jest-circus/build/legacy-code-todo-rewrite/jestAdapterInit.js:122:21)
          at jestAdapter (/app/node_modules/jest-circus/build/legacy-code-todo-rewrite/jestAdapter.js:79:19)
          at runTestInternal (/app/node_modules/jest-runner/build/runTest.js:367:16)
          at runTest (/app/node_modules/jest-runner/build/runTest.js:444:34)
          at Object.worker (/app/node_modules/jest-runner/build/testWorker.js:106:12)

      at LessThanOrEqualToBlock.debug [as arg] (js/blocks/BooleanBlocks.js:666:25)

    console.debug
      Error: Cannot convert
          at Object.valueOf (/app/js/blocks/__tests__/BooleanBlocks.test.js:520:23)
          at Number (<anonymous>)
          at GreaterThanOrEqualToBlock.Number [as arg] (/app/js/blocks/BooleanBlocks.js:764:24)
          at Object.arg (/app/js/blocks/__tests__/BooleanBlocks.test.js:523:62)
          at Promise.then.completed (/app/node_modules/jest-circus/build/utils.js:298:28)
          at new Promise (<anonymous>)
          at callAsyncCircusFn (/app/node_modules/jest-circus/build/utils.js:231:10)
          at _callCircusTest (/app/node_modules/jest-circus/build/run.js:316:40)
          at processTicksAndRejections (node:internal/process/task_queues:103:5)
          at _runTest (/app/node_modules/jest-circus/build/run.js:252:3)
          at _runTestsForDescribeBlock (/app/node_modules/jest-circus/build/run.js:126:9)
          at _runTestsForDescribeBlock (/app/node_modules/jest-circus/build/run.js:121:9)
          at run (/app/node_modules/jest-circus/build/run.js:71:3)
          at runAndTransformResultsToJestFormat (/app/node_modules/jest-circus/build/legacy-code-todo-rewrite/jestAdapterInit.js:122:21)
          at jestAdapter (/app/node_modules/jest-circus/build/legacy-code-todo-rewrite/jestAdapter.js:79:19)
          at runTestInternal (/app/node_modules/jest-runner/build/runTest.js:367:16)
          at runTest (/app/node_modules/jest-runner/build/runTest.js:444:34)
          at Object.worker (/app/node_modules/jest-runner/build/testWorker.js:106:12)

      at GreaterThanOrEqualToBlock.debug [as arg] (js/blocks/BooleanBlocks.js:766:25)

PASS js/blocks/__tests__/RhythmBlocks.test.js
PASS js/widgets/__tests__/tempo.test.js
PASS planet/js/__tests__/CacheManager.test.js
  ● Console

    console.error
      [CacheManager] Initialization failed: Error: IndexedDB not supported
          at /app/planet/js/CacheManager.js:89:24
          at new Promise (<anonymous>)
          at CacheManager._openDatabase (/app/planet/js/CacheManager.js:87:16)
          at CacheManager._openDatabase [as init] (/app/planet/js/CacheManager.js:67:34)
          at Object.init (/app/planet/js/__tests__/CacheManager.test.js:260:47)
          at Promise.then.completed (/app/node_modules/jest-circus/build/utils.js:298:28)
          at new Promise (<anonymous>)
          at callAsyncCircusFn (/app/node_modules/jest-circus/build/utils.js:231:10)
          at _callCircusTest (/app/node_modules/jest-circus/build/run.js:316:40)
          at _runTest (/app/node_modules/jest-circus/build/run.js:252:3)
          at _runTestsForDescribeBlock (/app/node_modules/jest-circus/build/run.js:126:9)
          at _runTestsForDescribeBlock (/app/node_modules/jest-circus/build/run.js:121:9)
          at _runTestsForDescribeBlock (/app/node_modules/jest-circus/build/run.js:121:9)
          at run (/app/node_modules/jest-circus/build/run.js:71:3)
          at runAndTransformResultsToJestFormat (/app/node_modules/jest-circus/build/legacy-code-todo-rewrite/jestAdapterInit.js:122:21)
          at jestAdapter (/app/node_modules/jest-circus/build/legacy-code-todo-rewrite/jestAdapter.js:79:19)
          at runTestInternal (/app/node_modules/jest-runner/build/runTest.js:367:16)
          at runTest (/app/node_modules/jest-runner/build/runTest.js:444:34)
          at Object.worker (/app/node_modules/jest-runner/build/testWorker.js:106:12)

      74 |             return true;
      75 |         } catch (error) {
    > 76 |             console.error("[CacheManager] Initialization failed:", error);
         |                     ^
      77 |             return false;
      78 |         }
      79 |     }

      at CacheManager.error [as init] (planet/js/CacheManager.js:76:21)
      at Object.<anonymous> (planet/js/__tests__/CacheManager.test.js:260:28)

PASS js/blocks/__tests__/ExtrasBlocks.test.js
PASS js/blocks/__tests__/ToneBlocks.test.js
PASS planet/js/__tests__/GlobalPlanet.test.js
PASS js/widgets/__tests__/aidebugger.test.js
PASS js/__tests__/turtles.test.js
PASS js/blocks/__tests__/PenBlocks.test.js
PASS js/blocks/__tests__/FlowBlocks.test.js
  ● Console

    console.warn
      connectionStoreLock: Lock already held in DuplicateBlock flow, forcing acquisition

      263 |                 // We warn and force-acquire since no spin-wait can help in a single thread.
      264 |                 if (logo.connectionStoreLock) {
    > 265 |                     console.warn(
          |                             ^
      266 |                         "connectionStoreLock: Lock already held in DuplicateBlock flow, forcing acquisition"
      267 |                     );
      268 |                 }

      at DuplicateBlock.warn (js/blocks/FlowBlocks.js:265:29)
      at Object.flow (js/blocks/__tests__/FlowBlocks.test.js:273:15)

PASS planet/js/__tests__/StringHelper.test.js
PASS js/blocks/__tests__/RhythmBlockPaletteBlocks.test.js
PASS js/widgets/__tests__/status.test.js
PASS js/turtleactions/__tests__/ToneActions.test.js
PASS planet/js/__tests__/ProjectStorage.test.js
  ● Console

    console.debug
      DATA LOADED

      at debug (planet/js/ProjectStorage.js:46:21)

    console.debug
      DATA LOADED

      at debug (planet/js/ProjectStorage.js:46:21)

    console.debug
      DATA LOADED

      at debug (planet/js/ProjectStorage.js:46:21)

    console.debug
      DATA LOADED

      at debug (planet/js/ProjectStorage.js:46:21)

    console.debug
      DATA LOADED

      at debug (planet/js/ProjectStorage.js:46:21)

    console.debug
      DATA LOADED

      at debug (planet/js/ProjectStorage.js:46:21)

PASS js/widgets/__tests__/PhraseMakerUI.test.js
PASS js/__tests__/macros.test.js
PASS js/js-export/__tests__/ASTutils.test.js
PASS js/blocks/__tests__/VolumeBlocks.test.js
PASS js/__tests__/turtle.test.js
PASS js/__tests__/planetInterface.test.js
PASS js/blocks/__tests__/MediaBlocks.test.js
PASS js/blocks/__tests__/SensorsBlocks.test.js
PASS js/widgets/__tests__/pitchdrummatrix.test.js
PASS js/__tests__/logo-dependencies.test.js
PASS js/turtleactions/__tests__/IntervalsActions.test.js
PASS js/utils/__tests__/mathutils.test.js
PASS js/js-export/__tests__/constraints.test.js
PASS js/utils/__tests__/mb-dialog.test.js
PASS js/__tests__/notation.test.js
PASS js/turtleactions/__tests__/RhythmActions.test.js
PASS js/widgets/__tests__/oscilloscope.test.js
PASS js/__tests__/IntervalsBlocks.test.js
PASS js/widgets/__tests__/pitchslider.test.js
PASS js/turtleactions/__tests__/VolumeActions.test.js
PASS js/blocks/__tests__/BoxesBlocks.test.js
PASS js/blocks/__tests__/DrumBlocks.test.js
PASS js/widgets/meterwidget.test.js
PASS js/__tests__/lilypond.test.js
  ● Console

    console.debug
      saving as lilypond: 2

      at debug (js/lilypond.js:662:13)

    console.debug
      4 1 4

      at debug (js/lilypond.js:699:25)

    console.debug
      4 1 4

      at debug (js/lilypond.js:699:25)

    console.debug
      saving as lilypond: 3

      at debug (js/lilypond.js:662:13)

    console.debug
      4 1 4

      at debug (js/lilypond.js:699:25)

    console.debug
      4 1 4

      at debug (js/lilypond.js:699:25)

    console.debug
      saving as lilypond: 3

      at debug (js/lilypond.js:662:13)

    console.debug
      4 1 4

      at debug (js/lilypond.js:699:25)

    console.debug
      4 1 4

      at debug (js/lilypond.js:699:25)

    console.debug
      saving as lilypond: 2

      at debug (js/lilypond.js:662:13)

    console.debug
      4 1 4

      at debug (js/lilypond.js:699:25)

    console.debug
      4 1 4

      at debug (js/lilypond.js:699:25)

    console.debug
      saving as lilypond: 2

      at debug (js/lilypond.js:662:13)

    console.debug
      4 1 4

      at debug (js/lilypond.js:699:25)

    console.debug
      4 1 4

      at debug (js/lilypond.js:699:25)

    console.debug
      saving as lilypond: 0

      at debug (js/lilypond.js:662:13)

    console.debug
      saving as lilypond: 2

      at debug (js/lilypond.js:662:13)

    console.debug
      4 1 4

      at debug (js/lilypond.js:699:25)

    console.debug
      4 1 4

      at debug (js/lilypond.js:699:25)

    console.debug
      saving as lilypond: 2

      at debug (js/lilypond.js:662:13)

    console.debug
      4 1 4

      at debug (js/lilypond.js:699:25)

    console.debug
      4 1 4

      at debug (js/lilypond.js:699:25)

    console.debug
      saving as lilypond: 2

      at debug (js/lilypond.js:662:13)

    console.debug
      saving as lilypond: 2

      at debug (js/lilypond.js:662:13)

    console.debug
      4 1 4

      at debug (js/lilypond.js:699:25)

    console.debug
      saving as lilypond: 2

      at debug (js/lilypond.js:662:13)

    console.debug
      saving as lilypond: 2

      at debug (js/lilypond.js:662:13)

    console.debug
      4 1 4

      at debug (js/lilypond.js:699:25)

    console.debug
      4 1 4

      at debug (js/lilypond.js:699:25)

    console.debug
      saving as lilypond: 2

      at debug (js/lilypond.js:662:13)

    console.debug
      4 1 4

      at debug (js/lilypond.js:699:25)

    console.debug
      4 1 4

      at debug (js/lilypond.js:699:25)

    console.debug
      saving as lilypond: 1

      at debug (js/lilypond.js:662:13)

    console.debug
      saving as lilypond: 2

      at debug (js/lilypond.js:662:13)

    console.debug
      4 1 4

      at debug (js/lilypond.js:699:25)

    console.debug
      4 1 4

      at debug (js/lilypond.js:699:25)

    console.debug
      saving as lilypond: 3

      at debug (js/lilypond.js:662:13)

    console.debug
      saving as lilypond: 2

      at debug (js/lilypond.js:662:13)

    console.debug
      saving as lilypond: 3

      at debug (js/lilypond.js:662:13)

    console.debug
      saving as lilypond: 1

      at debug (js/lilypond.js:662:13)

    console.debug
      1 1 1

      at debug (js/lilypond.js:699:25)

    console.debug
      saving as lilypond: 1

      at debug (js/lilypond.js:662:13)

    console.debug
      3 1 3

      at debug (js/lilypond.js:699:25)

    console.debug
      saving as lilypond: 1

      at debug (js/lilypond.js:662:13)

    console.debug
      saving as lilypond: 1

      at debug (js/lilypond.js:662:13)

    console.debug
      4 1 4

      at debug (js/lilypond.js:699:25)

    console.debug
      saving as lilypond: 3

      at debug (js/lilypond.js:662:13)

PASS js/widgets/__tests__/tuner.test.js
PASS planet/js/__tests__/LocalCard.test.js
PASS js/blocks/__tests__/DictBlocks.test.js
PASS js/utils/__tests__/utils.test.js
  ● Console

    console.warn
      Invalid input passed to rationalSum: 0 [ 1, 2 ]

      319 |     ) {
      320 |         if (typeof console !== "undefined") {
    > 321 |             console.warn("Invalid input passed to rationalSum:", a, b);
          |                     ^
      322 |         }
      323 |         return [0, 1];
      324 |     }

      at warn (js/utils/utils-logic.js:321:21)
      at Object.rationalSum (js/utils/__tests__/utils.test.js:515:20)

    console.warn
      Invalid input passed to rationalSum: 0 0

      319 |     ) {
      320 |         if (typeof console !== "undefined") {
    > 321 |             console.warn("Invalid input passed to rationalSum:", a, b);
          |                     ^
      322 |         }
      323 |         return [0, 1];
      324 |     }

      at warn (js/utils/utils-logic.js:321:21)
      at Object.rationalSum (js/utils/__tests__/utils.test.js:522:20)

PASS js/turtleactions/__tests__/MeterActions.test.js
PASS js/widgets/__tests__/PhraseMakerAudio.test.js
PASS js/utils/__tests__/utils-logic.test.js
  ● Console

    console.warn
      Failed to safely parse JSON: SyntaxError: Unexpected token 'i', "invalid" is not valid JSON
          at JSON.parse (<anonymous>)
          at parse (/app/js/utils/utils-logic.js:34:21)
          at Object.safeJSONParse (/app/js/utils/__tests__/utils-logic.test.js:42:20)
          at Promise.then.completed (/app/node_modules/jest-circus/build/utils.js:298:28)
          at new Promise (<anonymous>)
          at callAsyncCircusFn (/app/node_modules/jest-circus/build/utils.js:231:10)
          at _callCircusTest (/app/node_modules/jest-circus/build/run.js:316:40)
          at processTicksAndRejections (node:internal/process/task_queues:103:5)
          at _runTest (/app/node_modules/jest-circus/build/run.js:252:3)
          at _runTestsForDescribeBlock (/app/node_modules/jest-circus/build/run.js:126:9)
          at _runTestsForDescribeBlock (/app/node_modules/jest-circus/build/run.js:121:9)
          at _runTestsForDescribeBlock (/app/node_modules/jest-circus/build/run.js:121:9)
          at run (/app/node_modules/jest-circus/build/run.js:71:3)
          at runAndTransformResultsToJestFormat (/app/node_modules/jest-circus/build/legacy-code-todo-rewrite/jestAdapterInit.js:122:21)
          at jestAdapter (/app/node_modules/jest-circus/build/legacy-code-todo-rewrite/jestAdapter.js:79:19)
          at runTestInternal (/app/node_modules/jest-runner/build/runTest.js:367:16)
          at runTest (/app/node_modules/jest-runner/build/runTest.js:444:34)
          at Object.worker (/app/node_modules/jest-runner/build/testWorker.js:106:12)

      35 |     } catch (e) {
      36 |         if (typeof console !== "undefined") {
    > 37 |             console.warn("Failed to safely parse JSON:", e);
         |                     ^
      38 |         }
      39 |         return fallback;
      40 |     }

      at warn (js/utils/utils-logic.js:37:21)
      at Object.safeJSONParse (js/utils/__tests__/utils-logic.test.js:42:20)

    console.warn
      Failed to safely parse JSON: SyntaxError: Unexpected token 'i', "invalid" is not valid JSON
          at JSON.parse (<anonymous>)
          at parse (/app/js/utils/utils-logic.js:34:21)
          at Object.safeJSONParse (/app/js/utils/__tests__/utils-logic.test.js:50:20)
          at Promise.then.completed (/app/node_modules/jest-circus/build/utils.js:298:28)
          at new Promise (<anonymous>)
          at callAsyncCircusFn (/app/node_modules/jest-circus/build/utils.js:231:10)
          at _callCircusTest (/app/node_modules/jest-circus/build/run.js:316:40)
          at processTicksAndRejections (node:internal/process/task_queues:103:5)
          at _runTest (/app/node_modules/jest-circus/build/run.js:252:3)
          at _runTestsForDescribeBlock (/app/node_modules/jest-circus/build/run.js:126:9)
          at _runTestsForDescribeBlock (/app/node_modules/jest-circus/build/run.js:121:9)
          at _runTestsForDescribeBlock (/app/node_modules/jest-circus/build/run.js:121:9)
          at run (/app/node_modules/jest-circus/build/run.js:71:3)
          at runAndTransformResultsToJestFormat (/app/node_modules/jest-circus/build/legacy-code-todo-rewrite/jestAdapterInit.js:122:21)
          at jestAdapter (/app/node_modules/jest-circus/build/legacy-code-todo-rewrite/jestAdapter.js:79:19)
          at runTestInternal (/app/node_modules/jest-runner/build/runTest.js:367:16)
          at runTest (/app/node_modules/jest-runner/build/runTest.js:444:34)
          at Object.worker (/app/node_modules/jest-runner/build/testWorker.js:106:12)

      35 |     } catch (e) {
      36 |         if (typeof console !== "undefined") {
    > 37 |             console.warn("Failed to safely parse JSON:", e);
         |                     ^
      38 |         }
      39 |         return fallback;
      40 |     }

      at warn (js/utils/utils-logic.js:37:21)
      at Object.safeJSONParse (js/utils/__tests__/utils-logic.test.js:50:20)

    console.warn
      Invalid input passed to rationalSum: null [ 1, 2 ]

      319 |     ) {
      320 |         if (typeof console !== "undefined") {
    > 321 |             console.warn("Invalid input passed to rationalSum:", a, b);
          |                     ^
      322 |         }
      323 |         return [0, 1];
      324 |     }

      at warn (js/utils/utils-logic.js:321:21)
      at Object.rationalSum (js/utils/__tests__/utils-logic.test.js:204:20)

    console.warn
      Invalid input passed to rationalSum: [ 1, 0 ] [ 1, 2 ]

      319 |     ) {
      320 |         if (typeof console !== "undefined") {
    > 321 |             console.warn("Invalid input passed to rationalSum:", a, b);
          |                     ^
      322 |         }
      323 |         return [0, 1];
      324 |     }

      at warn (js/utils/utils-logic.js:321:21)
      at Object.rationalSum (js/utils/__tests__/utils-logic.test.js:218:20)

    console.warn
      Invalid input passed to rationalSum: [ 1, 2 ] [ 1, 0 ]

      319 |     ) {
      320 |         if (typeof console !== "undefined") {
    > 321 |             console.warn("Invalid input passed to rationalSum:", a, b);
          |                     ^
      322 |         }
      323 |         return [0, 1];
      324 |     }

      at warn (js/utils/utils-logic.js:321:21)
      at Object.rationalSum (js/utils/__tests__/utils-logic.test.js:219:20)

PASS planet/js/__tests__/ProjectViewer.test.js
PASS js/widgets/__tests__/PhraseMakerGrid.test.js
  ● Console

    console.debug
      block 99 is undefined

      at Object.debug [as lookForNoteBlocksOrRepeat] (js/widgets/PhraseMakerGrid.js:195:25)

PASS js/widgets/__tests__/pitchstaircase.test.js
PASS js/utils/__tests__/jquery-setup.test.js
PASS planet/js/__tests__/Planet.test.js
PASS js/__tests__/midi.test.js
PASS js/js-export/__tests__/generate.test.js
PASS js/blocks/__tests__/OrnamentBlocks.test.js
PASS js/__tests__/abc.test.js
PASS js/blocks/__tests__/HeapBlocks.test.js
PASS js/__tests__/trash.test.js
PASS js/__tests__/artwork.test.js
PASS js/__tests__/themebox.test.js
PASS js/__tests__/rubrics.test.js
PASS planet/js/__tests__/ServerInterface.test.js
PASS planet/js/__tests__/helper.test.js
PASS js/__tests__/languagebox.test.js
PASS js/utils/__tests__/munsell.test.js
PASS js/turtleactions/__tests__/DrumActions.test.js
PASS js/__tests__/ManagedTimer.test.js
PASS js/__tests__/gif-animator.test.js
PASS js/__tests__/turtledefs.test.js
PASS js/turtleactions/__tests__/DictActions.test.js
PASS planet/js/__tests__/LocalPlanet.test.js
PASS js/__tests__/mxml.test.js
PASS js/__tests__/svgAssetSelector.test.js
PASS js/utils/__tests__/performanceTracker.test.js
PASS js/widgets/__tests__/statistics.test.js
PASS js/widgets/__tests__/PhraseMakerUtils.test.js
PASS js/__tests__/activity_state_management.test.js
PASS js/turtleactions/__tests__/OrnamentActions.test.js
PASS planet/js/__tests__/SaveInterface.test.js
PASS js/__tests__/boundary.test.js
PASS js/__tests__/retryWithBackoff.test.js
PASS js/utils/__tests__/platformstyle.test.js
PASS js/js-export/API/__tests__/PitchBlocksAPI.test.js
PASS js/__tests__/pastebox.test.js
PASS js/__tests__/activity_context_regression.test.js
  ● Console

    console.warn
      [Deprecated] window.activity is removed. Use ActivityContext.getActivity() instead.

      136 |                 enumerable: false,
      137 |                 get() {
    > 138 |                     console.warn(
          |                             ^
      139 |                         "[Deprecated] window.activity is removed. " +
      140 |                             "Use ActivityContext.getActivity() instead."
      141 |                     );

      at Window.warn (js/__tests__/activity_context_regression.test.js:138:29)
      at Object.activity (js/__tests__/activity_context_regression.test.js:171:23)

    console.error
      [Deprecated] window.activity is removed and cannot be set. Use ActivityContext.setActivity() via activity-context.js.

      143 |                 },
      144 |                 set() {
    > 145 |                     console.error(
          |                             ^
      146 |                         "[Deprecated] window.activity is removed and cannot be set. " +
      147 |                             "Use ActivityContext.setActivity() via activity-context.js."
      148 |                     );

      at Window.error (js/__tests__/activity_context_regression.test.js:145:29)
      at Object.<anonymous> (js/__tests__/activity_context_regression.test.js:194:24)

PASS js/utils/__tests__/error-handler.test.js
PASS js/js-export/API/__tests__/GraphicsBlocksAPI.test.js
PASS js/__tests__/LogoDependencies.test.js
PASS js/utils/__tests__/debugLog.test.js
PASS js/js-export/API/__tests__/RhythmBlocksAPI.test.js
PASS js/js-export/__tests__/minify.test.js
PASS js/__tests__/activity_startup_recovery.test.js
PASS js/js-export/API/__tests__/PenBlocksAPI.test.js
PASS planet/js/__tests__/GlobalTag.test.js
PASS js/__tests__/p5-sound-adapter.test.js
PASS js/__tests__/activity_blur_handler.test.js
PASS js/__tests__/activity-context.test.js
PASS js/utils/__tests__/abcLoader.test.js
PASS js/__tests__/p5-adapter.test.js
PASS js/js-export/API/__tests__/MeterBlocksAPI.test.js
PASS js/utils/__tests__/zoomOverlay.test.js
PASS js/js-export/API/__tests__/VolumeBlocksAPI.test.js
PASS js/js-export/API/__tests__/ToneBlocksAPI.test.js
PASS planet/js/__tests__/Converter.test.js
PASS js/__tests__/background.test.js
PASS js/__tests__/BlocksDependencies.test.js
PASS js/js-export/API/__tests__/DictBlocksAPI.test.js
PASS js/__tests__/base64Utils.test.js
PASS js/__tests__/basicblocks.test.js
PASS js/__tests__/jseditor_console.test.js
PASS js/__tests__/activity_pure_functions.test.js
PASS js/js-export/API/__tests__/IntervalsBlocksAPI.test.js
PASS js/js-export/API/__tests__/DrumBlocksAPI.test.js
PASS js/__tests__/extractProjectDataFromHTML.test.js
PASS js/__tests__/turtle-painter-infinity.bug.test.js
PASS js/blocks/__tests__/EnsembleBlocks.bug.test.js
PASS js/js-export/API/__tests__/OrnamentBlocksAPI.test.js
PASS js/__tests__/activity_listeners.test.js
PASS js/utils/__tests__/ManagedTimer.test.js
PASS js/__tests__/activity_export.test.js
PASS js/__tests__/logoconstants.test.js
PASS js/widgets/__tests__/meterwidget.test.js
PASS js/__tests__/delayExecution.test.js

=============================== Coverage summary ===============================
Statements   : 49.3% ( 28728/58269 )
Branches     : 40.75% ( 10067/24703 )
Functions    : 53.66% ( 3079/5737 )
Lines        : 49.71% ( 27956/56232 )
================================================================================
------------------------------|---------|----------|---------|---------|--------------------------------------------------------------------------------------------------------------------------------------------------------------------------------------------------------------------------------------------------------------------------------------------------------------------------------------------------------------------------------------------------------------------------------------------------------------------------------------------------------------------------------------------------------------------------------------------------------------------------------------------------------------------------------------------------------------------------------------------------------------------------------------------------------------------------------------------------------------------------------------------------------------------------------------------------------------------------------------------------------------------------------------------------------------------------------------------------------------------------------------------------------------------------------------------------------------------------------------------------------------------------------------------------------------------------------------------------------------------------------------------------------------------------------------------------------------------------------------------
File                          | % Stmts | % Branch | % Funcs | % Lines | Uncovered Line #s
------------------------------|---------|----------|---------|---------|--------------------------------------------------------------------------------------------------------------------------------------------------------------------------------------------------------------------------------------------------------------------------------------------------------------------------------------------------------------------------------------------------------------------------------------------------------------------------------------------------------------------------------------------------------------------------------------------------------------------------------------------------------------------------------------------------------------------------------------------------------------------------------------------------------------------------------------------------------------------------------------------------------------------------------------------------------------------------------------------------------------------------------------------------------------------------------------------------------------------------------------------------------------------------------------------------------------------------------------------------------------------------------------------------------------------------------------------------------------------------------------------------------------------------------------------------------------------------------------------
All files                     |    49.3 |    40.75 |   53.66 |   49.71 |
 js                           |   34.99 |    26.32 |   37.26 |   35.27 |
  BlocksDependencies.js       |   92.85 |     62.5 |      90 |   92.85 | 117-118
  LogoDependencies.js         |   94.44 |    91.66 |    90.9 |   94.44 | 263-264
  SaveInterface.js            |   80.96 |    62.17 |   92.15 |   81.57 | 35,155,190,218,220,228,238,433-447,600-633,670-671,694-714,749,758,802,820,828-830,840-865,913-914,920-921,960,983
  abc.js                      |   99.46 |    93.47 |     100 |   99.44 | 203
  activity-context.js         |      90 |       75 |   83.33 |   89.47 | 23-24
  activity.js                 |       0 |        0 |       0 |       0 | 17-8824
  artwork.js                  |   98.46 |       60 |     100 |   98.46 | 103,176,521
  background.js               |     100 |     87.5 |     100 |     100 | 33
  base64Utils.js              |     100 |       75 |     100 |     100 | 64
  basicblocks.js              |     100 |    83.33 |     100 |     100 | 120
  block.js                    |     6.7 |     4.21 |    8.66 |    6.83 | 226-233,245-248,362-531,561,565-577,582-588,649,654,658-660,663,670,676-695,700-701,704,715-724,739,744,749,755,764-778,782-783,786,797-806,815-1099,1121,1125,1169-1951,1964-4933,4944
  blockfactory.js             |   79.16 |    50.67 |    90.9 |   79.69 | 274,400-401,405-406,427,439,446,503-504,581,601,717,747-772,782,803-810,900,910,922,995-999,1010-1011,1015,1020-1032,1040-1041,1049,1054-1055,1074,1094-1105,1234,1244,1253,1257,1264-1266,1272,1278,1282-1283,1287,1291,1293,1298-1299,1360-1364,1388,1456,1461,1499-1503,1510-1511,1520-1532,1536-1538,1546-1547,1558,1579,1585,1595-1596,1606,1616,1618-1619,1626,1641-1652,1665-1676,1700,1735-1739,1751,1765,1771-1777,1794,1801-1802,1812,1817,1823,1877,1883,1908-1910,1922-1927
  blocks.js                   |    9.28 |      3.6 |    5.33 |    9.14 | 174-186,200-212,224,229,370-405,414-417,431-492,502-510,520-559,574-576,586,596,605-609,621-686,697-702,712-718,728-761,774-792,804-891,915-995,1020-1021,1052-1054,1058-1060,1064-1066,1071-1072,1091,1093,1104,1109-1110,1129-1144,1156-1158,1164,1172-1176,1203-1456,1470-1519,1531-1581,1595-1641,1650-1652,1684-2399,2412,2421-2426,2435-2448,2462-2501,2513-2519,2529-2530,2542-2554,2567-2580,2599-2600,2613-2619,2664-2842,2855,2860,2864,2873-2884,2889-2899,2913-2946,2958-2978,2989-3015,3026-3035,3060-3067,3081-3082,3093-3098,3111-3144,3155-3157,3166-3178,3191-3195,3206-3208,3218-3232,3244-3253,3263-3266,3275-3279,3299-3312,3329-3385,3397-3819,3829-3836,3847-3848,3857,3867,3877-3915,3928-3943,3956-3985,3996-4016,4027-4047,4056-4067,4082-4109,4124-4164,4179-4210,4225-4257,4272-4322,4335-4381,4395-4420,4431-4452,4463-4484,4495-4516,4529-4540,4555-4578,4588-4600,4610-4622,4632-4644,4649-4661,4674-4694,4705-4727,4739-4771,4777-4783,4795-4801,4811-4832,4842-4856,4866-4880,4890-4901,4911-4933,4945-4967,4979-5011,5022-5049,5059-5114,5125-5180,5190-5217,5227-5284,5296-5310,5319-5325,5334-5362,5373-5425,5435-5506,5517-5529,5539-5544,5559-6093,6104-6929,6943-7021,7033-7034,7038-7039,7043,7049-7052,7064,7075-7092,7118-7130,7140-7227,7239-7360,7369-7381,7393-7434,7448-7460,7471-7473,7482-7485,7489,7493,7497,7501,7512-7517,7529-7530
  boundary.js                 |     100 |       90 |     100 |     100 | 124
  gif-animator.js             |   99.04 |    76.08 |     100 |     100 | 157,194-273
  languagebox.js              |   76.34 |    75.86 |   75.75 |   77.17 | 90-109,153-154,198-199,225-226,265-266,277,282-286,321,327,350
  lilypond.js                 |   83.29 |    73.89 |     100 |   83.01 | 113,124,128,140-141,151-152,154-158,160-162,178-179,235-239,284-285,307-310,349,359-360,364-378,395,419-423,428-429,508-521,723,784-785,804-832,896,937
  loader.js                   |   68.75 |    52.74 |   70.27 |   70.58 | 204,219,232,237-240,245-251,274-275,287-292,304-311,323,376,390-391,413,449-453,473-488
  logo.js                     |   82.88 |    68.49 |   74.59 |    83.3 | 98-99,119-139,371-385,454,649,653,731,807,812-813,820-821,834,843,849-862,915-916,934-949,1029-1033,1102,1164-1165,1227-1235,1239-1242,1268,1288,1356,1441,1451,1460,1470,1646-1650,1661-1670,1683-1709,1730-1759,1768,1809-1821,1871,1878,1913,1955,1997,2000-2017,2044-2061,2075-2084,2100,2105-2113,2127-2128,2139-2143,2155-2156,2214,2225,2307,2319-2324,2410-2413,2598-2613,2642-2657,2686-2703,2735-2736,2746-2747,2763-2764,2773-2774,2820,2822,2930,2950-3019,3028-3029,3046
  logoconstants.js            |   91.42 |    64.28 |       0 |   91.42 | 90-91,98
  macros.js                   |     100 |    93.75 |     100 |     100 | 1760
  midi.js                     |   86.02 |    75.25 |     100 |   88.13 | 71,118,122-123,127-137,159-162,199-201,292-296,301
  mxml.js                     |   86.29 |    73.68 |     100 |   87.63 | 91-92,123,146-150,159-167,185,213-215,218-220
  notation.js                 |   88.07 |    76.92 |     100 |   88.78 | 204,226,283-293,348-350
  p5-adapter.js               |     100 |      100 |     100 |     100 |
  p5-sound-adapter.js         |     100 |      100 |     100 |     100 |
  palette.js                  |   74.45 |    56.17 |   74.52 |   74.84 | 57,154-272,281-294,301-311,316-342,352-476,490,543-576,590-606,667,670,744-745,903-904,908-909,915-916,955-959,1087,1180-1181,1189-1190,1195-1196,1207-1208,1216-1217,1225-1226,1234,1328,1555-1556,1560-1566,1570,1594,1736-1740,1799-1802,1822-1823,1830-1831,1844-1845,1852-1853,1863-1864,1874-1875,1961,1977,1982,2007
  pastebox.js                 |     100 |    84.21 |     100 |     100 | 45-61,157
  piemenus.js                 |   12.49 |    17.25 |    10.2 |   12.54 | 75-89,107-108,119-122,134-138,154-208,214,231-237,259,280-281,314,435-438,478,496,514,518,521-522,539,561,566,577,589,599,612,617,619,635-638,670,676,684,701,704-708,750,755-756,761-768,798,813-833,846,851,855,859,866,881-882,900-933,950-1275,1292-1536,1552-1680,1694-1929,1943-2259,2270-2279,2294-2460,2477-2613,2629-2726,2740-2865,2883-3055,3068-3294,3307-3725,3732-3919,3929-4051,4055-4393,4405-4532
  planetInterface.js          |    93.9 |    84.33 |   96.29 |   94.84 | 87-88,267-270,434,449-452,461
  protoblocks.js              |    8.26 |     1.82 |    9.37 |    8.58 | 91,130,155-240,260-304,329-1286,1306-1450,1471-1481,1491,1502-2094
  rubrics.js                  |   79.48 |    53.63 |   83.33 |   78.23 | 566-569,592-600,608,627,644,651-655,806-814,822,831,840,849,851,853,857-860,871
  svgAssetSelector.js         |   74.63 |    29.16 |      45 |   76.86 | 34,97,109-113,167-169,201-203,209-215,240-257
  themebox.js                 |    45.2 |    35.63 |   44.44 |   46.15 | 251-280,329-332,337-349,362-369,410-411,417-430,439-463,472-476,483-488,499-527,538-559,575
  toolbar.js                  |   54.61 |    35.59 |   53.93 |    55.9 | 26,38,45,53-55,401,405-419,481-483,507,520,543-545,658-691,704-708,717-718,729-730,892-893,934,969-989,1026,1041-1042,1055-1065,1076-1084,1114-1116,1125-1130,1136-1142,1228-1232,1238-1243,1346-1347,1353,1356,1368-1370,1431,1436,1451-1465,1557,1664,1699-1702,1749-1777,1784-1820,1829,1837-1843,1853-1858,1869-1889,1900-1917,1926-1948,1957-2047,2059-2142,2153-2191,2199-2212,2221,2229-2230,2238-2240,2276-2285,2326-2340,2357-2366,2393-2403,2413-2415,2422,2437-2439,2475-2476,2493-2582,2594-2596,2605-2700,2711,2724-2730
  trash.js                    |     100 |    91.66 |     100 |     100 | 159,273
  turtle-painter.js           |   97.48 |    83.12 |     100 |   97.46 | 329,391,598,657,670,672,683,710,713,967,1109,1124,1235,1246,1249,1405,1491,1494
  turtle-singer.js            |   42.81 |    23.07 |      68 |   42.66 | 67,277,324,435-469,522-524,554,560,566,642,727,748,785-831,840-860,863-900,904-967,971-1021,1035-1061,1083,1086-1092,1101,1105-1106,1130-1140,1145-1156,1162-1174,1189-1191,1214-1257,1260-1280,1286,1308-1309,1333-1343,1348-1359,1369-1373,1430-1468,1474-1476,1480-1481,1485-1487,1491-1494,1498-1501,1506-1512,1517-1525,1531-1535,1543-1568,1580-1591,1593-1604,1606-1622,1634-1652,1659,1689-1868,1881-1904,1915-1929,1936-1940,1947-1950,1961-2572,2580-2606,2638-2639
  turtle.js                   |   32.01 |     5.63 |    5.79 |   32.33 | 96-195,341-626,645-691,712-1057
  turtledefs.js               |   42.97 |    27.77 |      25 |   42.97 | 273,296,312,329,410-785
  turtles.js                  |   14.25 |    14.19 |   16.85 |   14.07 | 85-88,133,137,141-143,158-177,183,189,194-203,208-217,247-262,276,290-363,380-616,636-701,742-750,774,836-1329
 js/activity                  |       0 |        0 |       0 |       0 |
  exporters.js                |       0 |        0 |       0 |       0 | 15-227
  recorder.js                 |       0 |        0 |       0 |       0 | 16-373
 js/blocks                    |   84.83 |    73.27 |   78.44 |   87.06 |
  ActionBlocks.js             |   91.72 |    78.07 |   86.36 |   94.79 | 108,186-187,420,462-465,544-552,637,1020-1021,1453,1456
  BooleanBlocks.js            |   81.86 |    71.62 |   69.69 |   81.86 | 76-79,104-106,165-168,249-252,333-336,431-434,536-539,636-639,736-739,840-843,870-872,941-944,971-973
  BoxesBlocks.js              |   96.66 |    85.18 |   85.18 |     100 | 89-91,98,109-110,464,532,860
  DictBlocks.js               |     100 |    78.37 |     100 |     100 | 215-216,289-290,357,430-431,459
  DrumBlocks.js               |    90.9 |    68.08 |   72.72 |   96.15 | 396,549,585-586
  EnsembleBlocks.js           |   97.83 |     91.5 |     100 |      98 | 58,739-753,811,818-821
  ExtrasBlocks.js             |    81.3 |    48.91 |   78.04 |   82.98 | 107-108,143-144,232,361-362,398-407,499-512,514,522-523,526,533-535,569,628-630,641-642,657,878-886
  FlowBlocks.js               |   94.28 |       75 |     100 |   94.83 | 91,214-223,246-250,519,536,800-801,883-884,930,995
  GraphicsBlocks.js           |   60.16 |    48.85 |   81.39 |   60.55 | 55,76-87,108,135,163-174,193,221,249-260,279,332,334-339,341,347-350,391,394-398,448,450,499,501,546,548,551-554,616,621,627,629-634,636,639-642,699,701-706,708,734,772,780,786,788-793,795,798-801,832,867,869-874,876,879-882,912,947,949-954,956,959-962,989,1024,1029,1035,1037-1042,1044,1047-1050,1078,1113,1118,1124,1126-1131,1133,1136-1139,1234-1252
  HeapBlocks.js               |   96.87 |    88.88 |     100 |   96.87 | 209,466,567,717
  IntervalsBlocks.js          |   98.57 |    91.46 |     100 |   98.51 | 440-443,560-562,874
  MediaBlocks.js              |   98.56 |    91.34 |   93.47 |   99.51 | 841
  MeterBlocks.js              |   94.35 |    85.52 |   86.15 |   96.75 | 325,570,596,871,1011-1012,1064-1065,1147-1148
  NumberBlocks.js             |   85.19 |    74.46 |   84.61 |    87.2 | 46-48,87-102,140-153,410-411,441,497,556-557,598,683-684,742,753-766,787-797,833-836,890-893,935-936
  OrnamentBlocks.js           |    94.4 |    97.91 |   73.07 |     100 | 741
  PenBlocks.js                |    89.8 |    78.07 |   82.08 |   92.41 | 179,197,314,496,630,642,731-734,881,948,1016,1031,1082,1094,1144,1156,1200-1201,1207,1209-1215
  PitchBlocks.js              |    83.6 |    72.75 |    74.8 |   86.98 | 326,506,508,522-532,535-541,555-580,590-614,620-628,633,739-740,801-805,824,831-840,861,865-872,992-1001,1023,1149-1151,1203-1205,1506-1507,1512,1548,1588,1644,1653-1659,1666-1682,1934,1958,1960,2026-2027,2071-2072
  ProgramBlocks.js            |   81.02 |    74.24 |   97.22 |   81.44 | 86-87,181-182,251,259,328,338,418-419,431,439-441,524-525,531,542-544,556,683-686,695-696,702,830-832,913-914,982-983,1000,1004-1005,1022,1077-1079,1083-1085,1089-1091,1101-1103,1109-1122,1241-1254,1282-1284,1308-1310,1394,1463,1493-1498,1505-1510
  RhythmBlockPaletteBlocks.js |   67.64 |    61.66 |   53.33 |    72.4 | 25,120,141-163,171-172,192-193,290-292,321-323,355-357,445-447,479-481,561-563,687-688,709-769,938-944,959,973,982-983
  RhythmBlocks.js             |   91.14 |    90.47 |   73.07 |   98.54 | 621-625
  SensorsBlocks.js            |   80.89 |       55 |   67.92 |    81.4 | 105-118,156,199,209,267,277,320,363-381,409-428,454-472,498-516,543-561,584-600,723,766,807,851-854,898,915,919-920,965
  ToneBlocks.js               |   95.28 |    77.21 |   82.35 |   98.05 | 67,787,794,796,951,1090
  VolumeBlocks.js             |    76.6 |    56.77 |   63.26 |   81.12 | 122-125,384-385,391-392,395,397,403,411-412,416-422,428-434,440-441,467-473,566-567,572-573,578,729-730,733,735,741,756-759,815-816
  WidgetBlocks.js             |   60.67 |    52.54 |   47.89 |   63.26 | 82,180-202,252,267-280,341-367,433,564,618-620,649-653,657-670,690-692,749-751,824,882-912,964-1004,1045-1069,1170,1215-1231,1276-1302,1391-1415,1512-1548,1654-1717,1780,1785,1821,1839-1840,1923-1944,1980-2006,2063-2100,2150
 js/js-export                 |    91.1 |    81.21 |   94.26 |   91.01 |
  ASTutils.js                 |   82.27 |    72.05 |   95.23 |   82.58 | 37,335-343,528-532,544-562,643,674-684,760,771,804,838,870,886-887,891,895,901
  ast2blocklist.js            |   95.84 |    85.02 |     100 |   96.01 | 214-219,293,296,571,578,582,585,720
  constraints.js              |    87.5 |    41.66 |     100 |    87.5 | 1205
  export.js                   |   84.37 |    71.73 |   90.47 |   83.95 | 169-170,262,268,274,348-361,366,391-400,429-430,434-435,440-441,445-446,457,462-463
  generate.js                 |   95.45 |    89.13 |     100 |   95.13 | 113-114,133,141,150-151,188
  interface.js                |   94.63 |    91.74 |     100 |   94.55 | 485-486,643-644,661,1836-1838
  minify.js                   |     100 |      100 |     100 |     100 |
 js/js-export/API             |   98.57 |    70.27 |   96.55 |   98.55 |
  DictBlocksAPI.js            |     100 |    85.71 |     100 |     100 | 54-57
  DrumBlocksAPI.js            |     100 |    66.66 |     100 |     100 | 54-57
  GraphicsBlocksAPI.js        |   87.09 |    66.66 |      80 |   87.09 | 90-96
  IntervalsBlocksAPI.js       |     100 |    66.66 |     100 |     100 | 61-64
  MeterBlocksAPI.js           |     100 |    66.66 |     100 |     100 | 77-80
  OrnamentBlocksAPI.js        |     100 |    66.66 |     100 |     100 | 51-54
  PenBlocksAPI.js             |     100 |    66.66 |     100 |     100 | 112-115
  PitchBlocksAPI.js           |     100 |    66.66 |     100 |     100 | 182-185
  RhythmBlocksAPI.js          |     100 |    66.66 |     100 |     100 | 116-119
  ToneBlocksAPI.js            |     100 |    66.66 |     100 |     100 | 132-135
  VolumeBlocksAPI.js          |     100 |    66.66 |     100 |     100 | 61-64
 js/js-export/samples         |       0 |      100 |     100 |       0 |
  sample.js                   |       0 |      100 |     100 |       0 | 19-299
 js/turtleactions             |   94.48 |    86.04 |   98.55 |   94.93 |
  DictActions.js              |    98.9 |    93.93 |     100 |   98.88 | 254
  DrumActions.js              |     100 |    98.07 |     100 |     100 | 233
  IntervalsActions.js         |   85.94 |    73.28 |     100 |   86.98 | 81,158-165,170-173,291-293,310,324,368,370-371,402,439,472
  MeterActions.js             |   98.03 |    93.05 |   92.59 |   97.97 | 244-247
  OrnamentActions.js          |   92.45 |    91.66 |     100 |   91.83 | 49-50,79-80
  PitchActions.js             |   93.57 |    86.03 |     100 |   93.82 | 190,378-384,388-405
  RhythmActions.js            |   88.29 |    68.42 |     100 |   89.84 | 129,131-132,137,142-147,174-175,229,237,239-240,386,388-389,412,422,424-425
  ToneActions.js              |     100 |    93.05 |     100 |     100 | 92,113-118,155,208,241,280,315,356,492
  VolumeActions.js            |   99.14 |    96.25 |     100 |   99.12 | 122
 js/utils                     |   49.26 |    44.81 |   53.39 |   49.17 |
  ManagedTimer.js             |     100 |    86.66 |     100 |     100 | 307-311
  abcLoader.js                |      95 |    85.71 |     100 |      95 | 30
  debugLog.js                 |     100 |       80 |     100 |     100 | 46,66-78
  error-handler.js            |     100 |    92.68 |     100 |     100 | 87,108-112
  jquery-setup.js             |     100 |      100 |     100 |     100 |
  mathutils.js                |   98.59 |    98.64 |     100 |   98.57 | 327
  mb-dialog.js                |   95.49 |    83.54 |   88.46 |   97.66 | 219-220,246,277,344
  munsell.js                  |   97.36 |    90.62 |     100 |   97.33 | 6728,6787
  musicutils.js               |   73.36 |    66.25 |   93.33 |   72.94 | 1455,2623,2632,2641,2705,2823,2905,2912,2927,2936-2940,2958,2981-2986,2997,3004,3020,3022,3046,3048,3058,3077-3082,3095,3128,3148-3149,3167,3183,3208,3220,3233-3238,3249-3254,3270,3277,3334,3374,3396-3397,3399-3400,3402-3403,3407,3466,3490,3502-3503,3520,3552-3553,3559-3581,3591-3597,3611-3612,3617-3618,3624-3643,3649-3662,3672-3676,3681-3697,3703-3720,3734-3741,3746-3762,3768-3782,3800-3810,3815-3831,3837-3843,3900,3914-3921,3956-3957,3999-4000,4020-4026,4051,4062,4064,4068,4126,4160,4171-4174,4181,4196,4209,4224,4233,4244-4245,4252,4264,4286,4291,4310,4329,4347,4402,4479,4492,4494-4495,4511,4522,4552,4619,4623-4633,4637,4655-4658,4668-4671,4694,4706,4713,4733-4741,4759-4764,4770,4774,4782,4784,4786,4798,4804,4812,4817,4825,4830,4838,4843,4852,4857,4865,4870,4878,4889-4890,4906-4907,4928-4929,4940-4941,4943-4944,4949,4959-4960,4964-4977,4991,4996,5000,5008,5013,5027,5037-5050,5070-5174,5283,5335-5336,5341,5355,5363,5378-5379,5394-5395,5415-5418,5453,5469,5471,5473,5475,5477,5479,5481,5483,5485,5487,5513,5519,5524-5530,5540-5561,5569,5573-5575,5579,5592-5593,5678-5685,5706,5708,5710,5712,5738-5746,5756-5759,5785,5788,5790,5792,5818,5825-5827,5832,5839-5841,5850,5860,5867-5869,5874,5881-5883,5898,5901,5903,5906-5907,5961,5969-5970,5977,5983,5989,5999-6019,6022-6042,6058,6174-6178,6227,6234-6236,6360,6367-6381,6403,6440,6488,6532,6550,6554,6572-6576,6737-6740,6747-6751,6754-6758,6766-6767,6782,6814,6824-6829,6836
  performanceTracker.js       |   88.37 |       64 |      95 |   87.65 | 78,97,121-135,174
  platformstyle.js            |   86.36 |    83.33 |     100 |   85.71 | 26,526,538
  retryWithBackoff.js         |    87.5 |    84.61 |   33.33 |   86.66 | 92-93
  synthutils.js               |       0 |        0 |       0 |       0 | 57-3779
  utils-logic.js              |   87.44 |     61.8 |     100 |   86.69 | 160-161,248,259,263,285,288,328,334,340,346,393,401-409,416-424,432-437,444-448,461-470,477-482,497-502,509
  utils.js                    |   12.63 |    10.36 |   19.04 |   12.47 | 58-63,113-136,154,164-235,247-259,270-423,429-514,527-570,579-585,626-1034,1045-1076,1085-1143,1155-1157,1169-1184,1197-1201,1215,1230-1372,1443,1450,1478-1479
  zoomOverlay.js              |     100 |    83.33 |     100 |     100 | 61
 js/utils/__tests__           |   78.68 |      100 |   59.37 |   78.68 |
  tonemock.js                 |   78.68 |      100 |   59.37 |   78.68 | 36,60-70,80,101,114,130-133,142-157,198-207
 js/widgets                   |   45.36 |    34.69 |   42.37 |   45.56 |
  PhraseMakerAudio.js         |   83.65 |    73.21 |   81.81 |      83 | 54,60,62,64,69-72,99-102,113,124,384-385,400,406,408,410,415-416,418,420,437,448,465-466,473-474,482,528-529,600-601
  PhraseMakerGrid.js          |   97.11 |     93.1 |      90 |    96.8 | 152,261-262
  PhraseMakerUI.js            |   65.51 |     62.5 |      80 |   63.75 | 25-53,186-187
  PhraseMakerUtils.js         |   91.66 |    81.25 |   66.66 |    91.3 | 92-93
  aidebugger.js               |   45.04 |    49.09 |   39.62 |   44.36 | 43-53,139-175,183-189,199-281,289-296,381-469,493-494,533-607,616-652,662-738,768-811,844-846,900,907-924,941,978-980,1044-1054,1099-1109,1154-1166,1178-1203,1218-1234,1349-1356
  aiwidget.js                 |   80.14 |    58.82 |   76.36 |    79.9 | 122,131-139,148-149,158-159,168,318,338-349,415,452-453,469-630,656,665-670,680,739,742,745,748,779-781,801-808,854,866-867,1064-1065,1083,1097,1179-1181,1221,1230
  arpeggio.js                 |   93.81 |    77.27 |   85.29 |   93.47 | 263,351-352,356-357,446,467-482,598,609,790
  help.js                     |   67.42 |     52.7 |   76.31 |   67.21 | 136,151,155,167-178,185-217,227-411,473,518-529,593,615,750,773-777,823,828-839,860
  jseditor.js                 |   71.83 |    37.57 |   43.63 |   73.21 | 174-245,297-299,334-353,359-361,574-598,613-614,642-670,675-681,685-688,753,756,782-796,800-853,858-863,892-893,954-959,996-997,1081,1092,1095,1098,1121-1127,1135-1141,1150-1154,1239-1241,1273-1286
  legobricks.js               |      10 |     8.01 |     5.1 |   10.09 | 99-101,110-117,126-198,264-333,346-350,360-366,376-448,458-550,558-716,725-755,765-898,911-990,1007-1031,1040-1064,1074-1106,1118-1123,1134-1141,1150,1160-1190,1200-1228,1238-1240,1250-1255,1266-1284,1298-1314,1324-1347,1360-1406,1415-1448,1457-1461,1472-1488,1499-1500,1510-1515,1562-1568,1579-1618,1626-1670,1691,1701-1705,1715-1729,1756-1760,1777-1801,1820-1838,1848-1854,1866-1869,1879-1882,1891-1894,1903-1911,1923-2088,2104-2113,2123-2166,2178,2186-2187,2198-2200,2210-2294,2302-2371,2383-2408,2416-2456,2467-2502,2535-2693,2705-2719,2730-2738,2750-2786,2802-2824,2834-2986,2996-3104
  meterwidget.js              |   81.68 |    66.66 |      70 |   81.43 | 167-169,188,228,254,285-306,329,385-388,456-467,516,589-591,596-598,626-627,632-635
  modewidget.js               |   66.05 |    47.85 |    65.9 |   65.59 | 119-125,236-251,360,374,403,446,486-487,503,547-548,565,639-658,662-747,860-877,891-1068,1160-1170,1176-1189
  musickeyboard.js            |     9.3 |     5.15 |    5.12 |    9.46 | 61-67,127,242-246,253-294,310-521,533-650,659-897,905-985,1000-1084,1097-1289,1307-1387,1398-1426,1440-1471,1488-1547,1557-1591,1602,1610-1785,1794-1952,1963-1973,1983-2008,2016-2022,2031-2065,2152-2154,2163,2175,2180,2189,2199-2202,2208,2211,2215-2237,2250-2256,2262-2263,2267-2300,2319-2337,2345-2398,2407-2427,2436-2761,2772-3139,3143-3426,3434-3435,3443-3598
  oscilloscope.js             |   76.87 |    58.46 |    62.5 |   79.71 | 80,88-89,119-120,138-177,207,285,299,308-309,323
  phrasemaker.js              |   45.11 |    32.53 |   30.25 |    44.8 | 278-305,315,350-361,423-433,443-469,476-483,518-529,536-537,586-595,597-604,615-622,648-653,678-684,689-691,693-707,719-725,730-751,759-766,778-809,823-829,890-893,932,936,941,999-1002,1027-1855,1881-1886,1891,1915-1919,2030-2032,2040,2052-2062,2067-2237,2241-2306,2340-2357,2363-2364,2390-2428,2445,2456-2458,2471,2476,2478,2480,2505,2518-2519,2527-2528,2539,2570-2594,2608-2626,2638-2844,2891-2892,2974-2994,3006,3012,3031-3032,3037-3038,3072-3076,3095,3118-3119,3141-3178,3195-3199,3217-3235,3241,3260,3276-3278,3329,3343,3370-3374,3380-3383,3439-3440,3445,3451,3510-3550,3563,3588-3589,3609-3610,3616,3624-3625,3657-3665,3689-3691,3701-3704,3725-3727,3742-3745,3777-3778,3780-3781,3808-3813,3815-3821,3892-3894,3898-3929,3932-3980,3985,3989,3993,3997-4012,4018-4020,4044,4048,4052-4057,4066-4080,4090,4093,4110-4111,4129-4138,4143-4152,4158,4170-4178,4185-4244,4318-4332,4360,4375,4396-4406,4423-4425,4453,4471,4554,4570,4586,4611,4636,4661,4693
  pitchdrummatrix.js          |    3.23 |     1.21 |    3.22 |    3.36 | 119-1056
  pitchslider.js              |   99.03 |       90 |   92.85 |     100 | 84,93,227
  pitchstaircase.js           |    7.72 |     6.81 |    12.5 |    7.95 | 61-172,202-598,614-694
  reflection.js               |   82.52 |    66.66 |   84.21 |   83.03 | 120-121,152,266-267,313-346,374-376,424-426,467,512-513,548-549,554-555,579-622,689,758-759,787
  rhythmruler.js              |   17.77 |    16.79 |   18.88 |   17.63 | 359-364,375,382-388,403-429,445-446,451-452,470-980,1032-1065,1080,1096-1830,1852-2018,2058-2969,3019-3038,3048,3060-3088,3182,3258-3318,3332-3334,3347-3364,3399
  sampler.js                  |   91.61 |     64.3 |   88.99 |   91.76 | 367-389,396,483-485,529,540-553,582-583,623-624,674-676,710,746-748,757-758,991-998,1011-1012,1148-1149,1161,1255-1256,1269-1270,1338,1375-1378,1395-1406,1476,1478,1886-1887,2038,2040,2128-2131,2139-2150,2162-2163,2213,2252,2261-2263,2395
  statistics.js               |   84.84 |    66.66 |   58.33 |   84.84 | 47-52,75-83
  status.js                   |   95.83 |    84.72 |      80 |   95.75 | 111-118,165,185
  temperament.js              |   54.55 |    28.57 |    31.7 |   54.91 | 147-175,273-294,299-300,322-354,377-387,396-416,426,446,461-469,498-520,535,539-540,623-637,641-644,648-657,661-671,674-676,721,758-761,817,821,827,831,874,888-890,950-954,958-962,966-970,974-978,1060,1076-1079,1084-1202,1281,1285-1412,1442-1443,1453,1476-1495,1499-1500,1510,1545-1546,1579,1584-1589,1595-1602,1610,1628,1632-1649,1662-1742,1764-1766,1768-1770,1834,1838-1865,1885-1892,1916-1917,1929-1969,2029-2166,2172-2173,2177-2185,2189-2191,2217,2309,2311,2320-2503,2514-2523,2552-2567,2595,2599,2607-2611,2636-2651,2657,2678,2683,2708-2710,2721-2725,2730
  tempo.js                    |    93.6 |    84.69 |   85.71 |   93.83 | 61,72,130,159,168,186,239-240,242-244,256,290
  timbre.js                   |   21.36 |    17.93 |   15.49 |   21.57 | 160-189,205-206,225-226,231-232,237-238,243,247,251,263-264,270-313,318-319,325-326,332,340,357-1017,1030-1045,1058-1073,1093-1094,1153-1202,1213-1251,1401,1405-1416,1487,1491-1502,1505-1587,1665,1706-2278,2289-2331,2341-2802
  tuner.js                    |     100 |    85.71 |     100 |     100 | 146,214
  widgetWindows.js            |   53.94 |    32.43 |   55.35 |   55.09 | 28-62,80-122,165-166,211-215,224-226,240-260,272-283,292-301,344-357,363-370,385-389,400,405-410,439-465,486-493,568-574,634,664,674,752,784-786,803-806,814-818,827-830,838-839
 planet/js                    |   63.47 |    57.46 |   67.34 |   64.38 |
  CacheManager.js             |   89.32 |    92.75 |   84.44 |   91.35 | 22,96,154-155,181-182,204-205,231-232,253,277,295,449-450,476
  Converter.js                |     100 |    83.33 |     100 |     100 | 68
  GlobalCard.js               |       0 |        0 |       0 |       0 | 25-302
  GlobalPlanet.js             |    32.2 |    28.18 |   39.28 |   32.34 | 56-86,102-111,159-202,234-284,304-334,355-385,442-613
  GlobalTag.js                |   77.77 |       50 |   42.85 |   81.39 | 76,86-100
  LocalCard.js                |     100 |    92.85 |     100 |     100 | 202
  LocalPlanet.js              |     100 |    85.71 |     100 |     100 | 51,139
  Planet.js                   |     100 |      100 |     100 |     100 |
  ProjectStorage.js           |   82.35 |    80.26 |   72.72 |   81.75 | 80-82,91-105,130-131,145-153,228-229,244-245,282-293
  ProjectViewer.js            |   93.93 |     90.9 |   66.66 |   93.81 | 191,195,199,203,207,211
  Publisher.js                |       0 |        0 |       0 |       0 | 25-422
  RequestManager.js           |    85.1 |    75.55 |     100 |   86.51 | 134,157,162,207-226,255
  SaveInterface.js            |   98.03 |    93.75 |     100 |   97.82 | 85
  ServerInterface.js          |     100 |    76.47 |     100 |     100 | 29,70-164,180-205,221-232,298
  StringHelper.js             |   93.75 |       86 |     100 |   95.16 | 136,153,178
  helper.js                   |   71.62 |    56.25 |   52.94 |   70.31 | 32-44,75-76,136,141,145,149-152
  main.js                     |       0 |        0 |       0 |       0 | 26-74
  utils.js                    |       0 |        0 |       0 |       0 |
------------------------------|---------|----------|---------|---------|--------------------------------------------------------------------------------------------------------------------------------------------------------------------------------------------------------------------------------------------------------------------------------------------------------------------------------------------------------------------------------------------------------------------------------------------------------------------------------------------------------------------------------------------------------------------------------------------------------------------------------------------------------------------------------------------------------------------------------------------------------------------------------------------------------------------------------------------------------------------------------------------------------------------------------------------------------------------------------------------------------------------------------------------------------------------------------------------------------------------------------------------------------------------------------------------------------------------------------------------------------------------------------------------------------------------------------------------------------------------------------------------------------------------------------------------------------------------------------------------

Test Suites: 165 passed, 165 total
Tests:       5509 passed, 5509 total
Snapshots:   0 total
Time:        17.821 s, estimated 23 s
Ran all test suites.
